stm32f7xx_hal_mdios.c:152:19:HAL_MDIOS_Init	24	static
stm32f7xx_hal_mdios.c:209:19:HAL_MDIOS_DeInit	16	static
stm32f7xx_hal_mdios.c:244:14:HAL_MDIOS_MspInit	16	static
stm32f7xx_hal_mdios.c:259:14:HAL_MDIOS_MspDeInit	16	static
stm32f7xx_hal_mdios.c:312:19:HAL_MDIOS_WriteReg	32	static
stm32f7xx_hal_mdios.c:341:19:HAL_MDIOS_ReadReg	32	static
stm32f7xx_hal_mdios.c:368:10:HAL_MDIOS_GetWrittenRegAddress	16	static
stm32f7xx_hal_mdios.c:378:10:HAL_MDIOS_GetReadRegAddress	16	static
stm32f7xx_hal_mdios.c:389:19:HAL_MDIOS_ClearWriteRegAddress	16	static
stm32f7xx_hal_mdios.c:412:19:HAL_MDIOS_ClearReadRegAddress	16	static
stm32f7xx_hal_mdios.c:434:19:HAL_MDIOS_EnableEvents	16	static
stm32f7xx_hal_mdios.c:453:6:HAL_MDIOS_IRQHandler	16	static
stm32f7xx_hal_mdios.c:513:14:HAL_MDIOS_WriteCpltCallback	16	static
stm32f7xx_hal_mdios.c:528:14:HAL_MDIOS_ReadCpltCallback	16	static
stm32f7xx_hal_mdios.c:543:14:HAL_MDIOS_ErrorCallback	16	static
stm32f7xx_hal_mdios.c:558:13:HAL_MDIOS_WakeUpCallback	16	static
stm32f7xx_hal_mdios.c:593:10:HAL_MDIOS_GetError	16	static
stm32f7xx_hal_mdios.c:604:24:HAL_MDIOS_GetState	16	static
