stm32f7xx_hal_nand.c:137:20:HAL_NAND_Init	24	static
stm32f7xx_hal_nand.c:177:19:HAL_NAND_DeInit	16	static
stm32f7xx_hal_nand.c:200:13:HAL_NAND_MspInit	16	static
stm32f7xx_hal_nand.c:216:13:HAL_NAND_MspDeInit	16	static
stm32f7xx_hal_nand.c:233:6:HAL_NAND_IRQHandler	16	static
stm32f7xx_hal_nand.c:283:13:HAL_NAND_ITCallback	16	static
stm32f7xx_hal_nand.c:319:19:HAL_NAND_Read_ID	32	static
stm32f7xx_hal_nand.c:384:19:HAL_NAND_Reset	24	static
stm32f7xx_hal_nand.c:423:20:HAL_NAND_ConfigDevice	16	static
stm32f7xx_hal_nand.c:446:19:HAL_NAND_Read_Page_8b	48	static
stm32f7xx_hal_nand.c:590:19:HAL_NAND_Read_Page_16b	48	static
stm32f7xx_hal_nand.c:732:19:HAL_NAND_Write_Page_8b	48	static
stm32f7xx_hal_nand.c:870:19:HAL_NAND_Write_Page_16b	48	static
stm32f7xx_hal_nand.c:1008:19:HAL_NAND_Read_SpareArea_8b	56	static
stm32f7xx_hal_nand.c:1157:19:HAL_NAND_Read_SpareArea_16b	56	static
stm32f7xx_hal_nand.c:1306:19:HAL_NAND_Write_SpareArea_8b	56	static
stm32f7xx_hal_nand.c:1453:19:HAL_NAND_Write_SpareArea_16b	56	static
stm32f7xx_hal_nand.c:1598:19:HAL_NAND_Erase_Block	24	static
stm32f7xx_hal_nand.c:1648:10:HAL_NAND_Address_Inc	24	static
stm32f7xx_hal_nand.c:1701:20:HAL_NAND_ECC_Enable	16	static
stm32f7xx_hal_nand.c:1727:20:HAL_NAND_ECC_Disable	16	static
stm32f7xx_hal_nand.c:1755:20:HAL_NAND_GetECC	32	static
stm32f7xx_hal_nand.c:1803:23:HAL_NAND_GetState	16	static
stm32f7xx_hal_nand.c:1814:10:HAL_NAND_Read_Status	24	static
