stm32f7xx_hal_rtc_ex.c:159:19:HAL_RTCEx_SetTimeStamp	32	static
stm32f7xx_hal_rtc_ex.c:219:19:HAL_RTCEx_SetTimeStamp_IT	32	static
stm32f7xx_hal_rtc_ex.c:276:19:HAL_RTCEx_DeactivateTimeStamp	24	static
stm32f7xx_hal_rtc_ex.c:315:19:HAL_RTCEx_SetInternalTimeStamp	16	static
stm32f7xx_hal_rtc_ex.c:346:19:HAL_RTCEx_DeactivateInternalTimeStamp	16	static
stm32f7xx_hal_rtc_ex.c:382:19:HAL_RTCEx_GetTimeStamp	32	static
stm32f7xx_hal_rtc_ex.c:434:19:HAL_RTCEx_SetTamper	24	static
stm32f7xx_hal_rtc_ex.c:522:19:HAL_RTCEx_SetTamper_IT	24	static
stm32f7xx_hal_rtc_ex.c:633:19:HAL_RTCEx_DeactivateTamper	16	static
stm32f7xx_hal_rtc_ex.c:675:6:HAL_RTCEx_TamperTimeStampIRQHandler	16	static
stm32f7xx_hal_rtc_ex.c:748:13:HAL_RTCEx_TimeStampEventCallback	16	static
stm32f7xx_hal_rtc_ex.c:764:13:HAL_RTCEx_Tamper1EventCallback	16	static
stm32f7xx_hal_rtc_ex.c:780:13:HAL_RTCEx_Tamper2EventCallback	16	static
stm32f7xx_hal_rtc_ex.c:795:13:HAL_RTCEx_Tamper3EventCallback	16	static
stm32f7xx_hal_rtc_ex.c:812:19:HAL_RTCEx_PollForTimeStampEvent	24	static
stm32f7xx_hal_rtc_ex.c:855:19:HAL_RTCEx_PollForTamper1Event	24	static
stm32f7xx_hal_rtc_ex.c:891:19:HAL_RTCEx_PollForTamper2Event	24	static
stm32f7xx_hal_rtc_ex.c:926:19:HAL_RTCEx_PollForTamper3Event	24	static
stm32f7xx_hal_rtc_ex.c:978:19:HAL_RTCEx_SetWakeUpTimer	32	static
stm32f7xx_hal_rtc_ex.c:1051:19:HAL_RTCEx_SetWakeUpTimer_IT	32	static
stm32f7xx_hal_rtc_ex.c:1133:10:HAL_RTCEx_DeactivateWakeUpTimer	24	static
stm32f7xx_hal_rtc_ex.c:1188:10:HAL_RTCEx_GetWakeUpTimer	16	static
stm32f7xx_hal_rtc_ex.c:1200:6:HAL_RTCEx_WakeUpTimerIRQHandler	16	static
stm32f7xx_hal_rtc_ex.c:1228:13:HAL_RTCEx_WakeUpTimerEventCallback	16	static
stm32f7xx_hal_rtc_ex.c:1245:19:HAL_RTCEx_PollForWakeUpTimerEvent	24	static
stm32f7xx_hal_rtc_ex.c:1315:6:HAL_RTCEx_BKUPWrite	32	static
stm32f7xx_hal_rtc_ex.c:1338:10:HAL_RTCEx_BKUPRead	24	static
stm32f7xx_hal_rtc_ex.c:1372:19:HAL_RTCEx_SetSmoothCalib	32	static
stm32f7xx_hal_rtc_ex.c:1442:19:HAL_RTCEx_SetSynchroShift	32	static
stm32f7xx_hal_rtc_ex.c:1537:19:HAL_RTCEx_SetCalibrationOutPut	16	static
stm32f7xx_hal_rtc_ex.c:1576:19:HAL_RTCEx_DeactivateCalibrationOutPut	16	static
stm32f7xx_hal_rtc_ex.c:1606:19:HAL_RTCEx_SetRefClock	16	static
stm32f7xx_hal_rtc_ex.c:1656:19:HAL_RTCEx_DeactivateRefClock	16	static
stm32f7xx_hal_rtc_ex.c:1708:19:HAL_RTCEx_EnableBypassShadow	16	static
stm32f7xx_hal_rtc_ex.c:1741:19:HAL_RTCEx_DisableBypassShadow	16	static
stm32f7xx_hal_rtc_ex.c:1791:13:HAL_RTCEx_AlarmBEventCallback	16	static
stm32f7xx_hal_rtc_ex.c:1808:19:HAL_RTCEx_PollForAlarmBEvent	24	static
