stm32f7xx_hal_dac.c:230:19:HAL_DAC_Init	16	static
stm32f7xx_hal_dac.c:267:19:HAL_DAC_DeInit	16	static
stm32f7xx_hal_dac.c:303:13:HAL_DAC_MspInit	16	static
stm32f7xx_hal_dac.c:319:13:HAL_DAC_MspDeInit	16	static
stm32f7xx_hal_dac.c:361:19:HAL_DAC_Start	24	static
stm32f7xx_hal_dac.c:420:19:HAL_DAC_Stop	16	static
stm32f7xx_hal_dac.c:452:19:HAL_DAC_Start_DMA	32	static
stm32f7xx_hal_dac.c:571:19:HAL_DAC_Stop_DMA	24	static
stm32f7xx_hal_dac.c:621:10:HAL_DAC_GetValue	16	static
stm32f7xx_hal_dac.c:643:6:HAL_DAC_IRQHandler	16	static
stm32f7xx_hal_dac.c:689:13:HAL_DAC_ConvCpltCallbackCh1	16	static
stm32f7xx_hal_dac.c:705:13:HAL_DAC_ConvHalfCpltCallbackCh1	16	static
stm32f7xx_hal_dac.c:721:13:HAL_DAC_ErrorCallbackCh1	16	static
stm32f7xx_hal_dac.c:737:13:HAL_DAC_DMAUnderrunCallbackCh1	16	static
stm32f7xx_hal_dac.c:777:19:HAL_DAC_ConfigChannel	32	static
stm32f7xx_hal_dac.c:833:19:HAL_DAC_SetValue	32	static
stm32f7xx_hal_dac.c:885:22:HAL_DAC_GetState	16	static
stm32f7xx_hal_dac.c:898:10:HAL_DAC_GetError	16	static
stm32f7xx_hal_dac.c:913:13:DAC_DMAConvCpltCh1	24	static
stm32f7xx_hal_dac.c:928:13:DAC_DMAHalfConvCpltCh1	24	static
stm32f7xx_hal_dac.c:941:13:DAC_DMAErrorCh1	24	static
