stm32f7xx_hal_spdifrx.c:200:19:HAL_SPDIFRX_Init	24	static
stm32f7xx_hal_spdifrx.c:270:19:HAL_SPDIFRX_DeInit	16	static
stm32f7xx_hal_spdifrx.c:305:13:HAL_SPDIFRX_MspInit	16	static
stm32f7xx_hal_spdifrx.c:320:13:HAL_SPDIFRX_MspDeInit	16	static
stm32f7xx_hal_spdifrx.c:337:19:HAL_SPDIFRX_SetDataFormat	24	static
stm32f7xx_hal_spdifrx.c:437:19:HAL_SPDIFRX_ReceiveDataFlow	40	static
stm32f7xx_hal_spdifrx.c:507:19:HAL_SPDIFRX_ReceiveControlFlow	40	static
stm32f7xx_hal_spdifrx.c:575:19:HAL_SPDIFRX_ReceiveDataFlow_IT	40	static
stm32f7xx_hal_spdifrx.c:644:19:HAL_SPDIFRX_ReceiveControlFlow_IT	40	static
stm32f7xx_hal_spdifrx.c:713:19:HAL_SPDIFRX_ReceiveDataFlow_DMA	40	static
stm32f7xx_hal_spdifrx.c:785:19:HAL_SPDIFRX_ReceiveControlFlow_DMA	40	static
stm32f7xx_hal_spdifrx.c:855:19:HAL_SPDIFRX_DMAStop	16	static
stm32f7xx_hal_spdifrx.c:884:6:HAL_SPDIFRX_IRQHandler	16	static
stm32f7xx_hal_spdifrx.c:930:13:HAL_SPDIFRX_RxHalfCpltCallback	16	static
stm32f7xx_hal_spdifrx.c:945:13:HAL_SPDIFRX_RxCpltCallback	16	static
stm32f7xx_hal_spdifrx.c:960:13:HAL_SPDIFRX_CxHalfCpltCallback	16	static
stm32f7xx_hal_spdifrx.c:975:13:HAL_SPDIFRX_CxCpltCallback	16	static
stm32f7xx_hal_spdifrx.c:990:13:HAL_SPDIFRX_ErrorCallback	16	static
stm32f7xx_hal_spdifrx.c:1024:26:HAL_SPDIFRX_GetState	16	static
stm32f7xx_hal_spdifrx.c:1034:10:HAL_SPDIFRX_GetError	16	static
stm32f7xx_hal_spdifrx.c:1048:13:SPDIFRX_DMARxCplt	24	static
stm32f7xx_hal_spdifrx.c:1067:13:SPDIFRX_DMARxHalfCplt	24	static
stm32f7xx_hal_spdifrx.c:1080:13:SPDIFRX_DMACxCplt	24	static
stm32f7xx_hal_spdifrx.c:1097:13:SPDIFRX_DMACxHalfCplt	24	static
stm32f7xx_hal_spdifrx.c:1109:13:SPDIFRX_DMAError	24	static
stm32f7xx_hal_spdifrx.c:1129:13:SPDIFRX_ReceiveDataFlow_IT	16	static
stm32f7xx_hal_spdifrx.c:1154:13:SPDIFRX_ReceiveControlFlow_IT	16	static
stm32f7xx_hal_spdifrx.c:1183:26:SPDIFRX_WaitOnFlagUntilTimeout	24	static
