stm32f7xx_hal_mmc.c:294:19:HAL_MMC_Init	16	static
stm32f7xx_hal_mmc.c:343:19:HAL_MMC_InitCard	72	static
stm32f7xx_hal_mmc.c:394:19:HAL_MMC_DeInit	16	static
stm32f7xx_hal_mmc.c:425:13:HAL_MMC_MspInit	16	static
stm32f7xx_hal_mmc.c:440:13:HAL_MMC_MspDeInit	16	static
stm32f7xx_hal_mmc.c:481:19:HAL_MMC_ReadBlocks	72	static
stm32f7xx_hal_mmc.c:665:19:HAL_MMC_WriteBlocks	64	static
stm32f7xx_hal_mmc.c:835:19:HAL_MMC_ReadBlocks_IT	56	static
stm32f7xx_hal_mmc.c:937:19:HAL_MMC_WriteBlocks_IT	56	static
stm32f7xx_hal_mmc.c:1040:19:HAL_MMC_ReadBlocks_DMA	56	static
stm32f7xx_hal_mmc.c:1154:19:HAL_MMC_WriteBlocks_DMA	56	static
stm32f7xx_hal_mmc.c:1265:19:HAL_MMC_Erase	32	static
stm32f7xx_hal_mmc.c:1361:6:HAL_MMC_IRQHandler	24	static
stm32f7xx_hal_mmc.c:1507:22:HAL_MMC_GetState	16	static
stm32f7xx_hal_mmc.c:1518:10:HAL_MMC_GetError	16	static
stm32f7xx_hal_mmc.c:1528:14:HAL_MMC_TxCpltCallback	16	static
stm32f7xx_hal_mmc.c:1543:13:HAL_MMC_RxCpltCallback	16	static
stm32f7xx_hal_mmc.c:1558:13:HAL_MMC_ErrorCallback	16	static
stm32f7xx_hal_mmc.c:1573:13:HAL_MMC_AbortCallback	16	static
stm32f7xx_hal_mmc.c:1611:19:HAL_MMC_GetCardCID	24	static
stm32f7xx_hal_mmc.c:1692:19:HAL_MMC_GetCardCSD	24	static
stm32f7xx_hal_mmc.c:1806:19:HAL_MMC_GetCardInfo	16	static
stm32f7xx_hal_mmc.c:1830:19:HAL_MMC_ConfigWideBusOperation	80	static
stm32f7xx_hal_mmc.c:1960:26:HAL_MMC_GetCardState	32	static
stm32f7xx_hal_mmc.c:1983:19:HAL_MMC_Abort	24	static
stm32f7xx_hal_mmc.c:2030:19:HAL_MMC_Abort_IT	24	static
stm32f7xx_hal_mmc.c:2106:13:MMC_DMATransmitCplt	24	static
stm32f7xx_hal_mmc.c:2119:13:MMC_DMAReceiveCplt	24	static
stm32f7xx_hal_mmc.c:2152:13:MMC_DMAError	24	static
stm32f7xx_hal_mmc.c:2184:13:MMC_DMATxAbort	24	static
stm32f7xx_hal_mmc.c:2221:13:MMC_DMARxAbort	24	static
stm32f7xx_hal_mmc.c:2259:17:MMC_InitCard	96	static
stm32f7xx_hal_mmc.c:2340:17:MMC_PowerON	32	static
stm32f7xx_hal_mmc.c:2394:26:MMC_PowerOFF	16	static
stm32f7xx_hal_mmc.c:2409:17:MMC_SendStatus	24	static
stm32f7xx_hal_mmc.c:2437:26:MMC_Read_IT	32	static
stm32f7xx_hal_mmc.c:2461:26:MMC_Write_IT	24	static
