stm32f7xx_hal_sd.c:303:19:HAL_SD_Init	16	static
stm32f7xx_hal_sd.c:352:19:HAL_SD_InitCard	72	static
stm32f7xx_hal_sd.c:403:19:HAL_SD_DeInit	16	static
stm32f7xx_hal_sd.c:434:13:HAL_SD_MspInit	16	static
stm32f7xx_hal_sd.c:449:13:HAL_SD_MspDeInit	16	static
stm32f7xx_hal_sd.c:490:19:HAL_SD_ReadBlocks	72	static
stm32f7xx_hal_sd.c:676:19:HAL_SD_WriteBlocks	64	static
stm32f7xx_hal_sd.c:848:19:HAL_SD_ReadBlocks_IT	56	static
stm32f7xx_hal_sd.c:949:19:HAL_SD_WriteBlocks_IT	56	static
stm32f7xx_hal_sd.c:1051:19:HAL_SD_ReadBlocks_DMA	56	static
stm32f7xx_hal_sd.c:1164:19:HAL_SD_WriteBlocks_DMA	56	static
stm32f7xx_hal_sd.c:1274:19:HAL_SD_Erase	32	static
stm32f7xx_hal_sd.c:1374:6:HAL_SD_IRQHandler	24	static
stm32f7xx_hal_sd.c:1520:21:HAL_SD_GetState	16	static
stm32f7xx_hal_sd.c:1531:10:HAL_SD_GetError	16	static
stm32f7xx_hal_sd.c:1541:14:HAL_SD_TxCpltCallback	16	static
stm32f7xx_hal_sd.c:1556:13:HAL_SD_RxCpltCallback	16	static
stm32f7xx_hal_sd.c:1571:13:HAL_SD_ErrorCallback	16	static
stm32f7xx_hal_sd.c:1586:13:HAL_SD_AbortCallback	16	static
stm32f7xx_hal_sd.c:1624:19:HAL_SD_GetCardCID	24	static
stm32f7xx_hal_sd.c:1705:19:HAL_SD_GetCardCSD	24	static
stm32f7xx_hal_sd.c:1852:19:HAL_SD_GetCardStatus	88	static
stm32f7xx_hal_sd.c:1940:19:HAL_SD_GetCardInfo	16	static
stm32f7xx_hal_sd.c:1965:19:HAL_SD_ConfigWideBusOperation	72	static
stm32f7xx_hal_sd.c:2037:25:HAL_SD_GetCardState	32	static
stm32f7xx_hal_sd.c:2060:19:HAL_SD_Abort	24	static
stm32f7xx_hal_sd.c:2107:19:HAL_SD_Abort_IT	24	static
stm32f7xx_hal_sd.c:2183:13:SD_DMATransmitCplt	24	static
stm32f7xx_hal_sd.c:2196:13:SD_DMAReceiveCplt	24	static
stm32f7xx_hal_sd.c:2229:13:SD_DMAError	24	static
stm32f7xx_hal_sd.c:2261:13:SD_DMATxAbort	24	static
stm32f7xx_hal_sd.c:2298:13:SD_DMARxAbort	24	static
stm32f7xx_hal_sd.c:2336:17:SD_InitCard	96	static
stm32f7xx_hal_sd.c:2425:17:SD_PowerON	32	static
stm32f7xx_hal_sd.c:2526:26:SD_PowerOFF	16	static
stm32f7xx_hal_sd.c:2541:17:SD_SendSDStatus	64	static
stm32f7xx_hal_sd.c:2643:17:SD_SendStatus	24	static
stm32f7xx_hal_sd.c:2670:17:SD_WideBus_Enable	32	static
stm32f7xx_hal_sd.c:2717:17:SD_WideBus_Disable	32	static
stm32f7xx_hal_sd.c:2766:17:SD_FindSCR	72	static
stm32f7xx_hal_sd.c:2857:26:SD_Read_IT	32	static
stm32f7xx_hal_sd.c:2881:26:SD_Write_IT	24	static
