stm32f7xx_hal_smartcard.c:256:19:HAL_SMARTCARD_Init	16	static
stm32f7xx_hal_smartcard.c:317:19:HAL_SMARTCARD_DeInit	16	static
stm32f7xx_hal_smartcard.c:358:13:HAL_SMARTCARD_MspInit	16	static
stm32f7xx_hal_smartcard.c:374:13:HAL_SMARTCARD_MspDeInit	16	static
stm32f7xx_hal_smartcard.c:475:19:HAL_SMARTCARD_Transmit	40	static
stm32f7xx_hal_smartcard.c:556:19:HAL_SMARTCARD_Receive	40	static
stm32f7xx_hal_smartcard.c:614:19:HAL_SMARTCARD_Transmit_IT	24	static
stm32f7xx_hal_smartcard.c:670:19:HAL_SMARTCARD_Receive_IT	24	static
stm32f7xx_hal_smartcard.c:715:19:HAL_SMARTCARD_Transmit_DMA	24	static
stm32f7xx_hal_smartcard.c:789:19:HAL_SMARTCARD_Receive_DMA	24	static
stm32f7xx_hal_smartcard.c:854:19:HAL_SMARTCARD_Abort	16	static
stm32f7xx_hal_smartcard.c:922:19:HAL_SMARTCARD_AbortTransmit	16	static
stm32f7xx_hal_smartcard.c:975:19:HAL_SMARTCARD_AbortReceive	16	static
stm32f7xx_hal_smartcard.c:1030:19:HAL_SMARTCARD_Abort_IT	24	static
stm32f7xx_hal_smartcard.c:1156:19:HAL_SMARTCARD_AbortTransmit_IT	16	static
stm32f7xx_hal_smartcard.c:1232:19:HAL_SMARTCARD_AbortReceive_IT	16	static
stm32f7xx_hal_smartcard.c:1302:6:HAL_SMARTCARD_IRQHandler	32	static
stm32f7xx_hal_smartcard.c:1508:13:HAL_SMARTCARD_TxCpltCallback	16	static
stm32f7xx_hal_smartcard.c:1524:13:HAL_SMARTCARD_RxCpltCallback	16	static
stm32f7xx_hal_smartcard.c:1540:13:HAL_SMARTCARD_ErrorCallback	16	static
stm32f7xx_hal_smartcard.c:1556:13:HAL_SMARTCARD_AbortCpltCallback	16	static
stm32f7xx_hal_smartcard.c:1572:13:HAL_SMARTCARD_AbortTransmitCpltCallback	16	static
stm32f7xx_hal_smartcard.c:1588:13:HAL_SMARTCARD_AbortReceiveCpltCallback	16	static
stm32f7xx_hal_smartcard.c:1627:28:HAL_SMARTCARD_GetState	24	static
stm32f7xx_hal_smartcard.c:1643:10:HAL_SMARTCARD_GetError	16	static
stm32f7xx_hal_smartcard.c:1666:26:SMARTCARD_SetConfig	32	static
stm32f7xx_hal_smartcard.c:1764:13:SMARTCARD_AdvFeatureConfig	16	static
stm32f7xx_hal_smartcard.c:1826:26:SMARTCARD_CheckIdleState	32	static
stm32f7xx_hal_smartcard.c:1867:26:SMARTCARD_WaitOnFlagUntilTimeout	24	static
stm32f7xx_hal_smartcard.c:1900:13:SMARTCARD_EndTxTransfer	16	static
stm32f7xx_hal_smartcard.c:1917:13:SMARTCARD_EndRxTransfer	16	static
stm32f7xx_hal_smartcard.c:1934:13:SMARTCARD_DMATransmitCplt	24	static
stm32f7xx_hal_smartcard.c:1953:13:SMARTCARD_DMAReceiveCplt	24	static
stm32f7xx_hal_smartcard.c:1978:13:SMARTCARD_DMAError	24	static
stm32f7xx_hal_smartcard.c:2008:13:SMARTCARD_DMAAbortOnError	24	static
stm32f7xx_hal_smartcard.c:2025:13:SMARTCARD_DMATxAbortCallback	24	static
stm32f7xx_hal_smartcard.c:2067:13:SMARTCARD_DMARxAbortCallback	24	static
stm32f7xx_hal_smartcard.c:2109:13:SMARTCARD_DMATxOnlyAbortCallback	24	static
stm32f7xx_hal_smartcard.c:2133:13:SMARTCARD_DMARxOnlyAbortCallback	24	static
stm32f7xx_hal_smartcard.c:2157:26:SMARTCARD_Transmit_IT	16	static
stm32f7xx_hal_smartcard.c:2192:26:SMARTCARD_EndTransmit_IT	16	static
stm32f7xx_hal_smartcard.c:2230:26:SMARTCARD_Receive_IT	16	static
