stm32f7xx_hal_dcmi.c:152:19:HAL_DCMI_Init	40	static
stm32f7xx_hal_dcmi.c:225:19:HAL_DCMI_DeInit	16	static
stm32f7xx_hal_dcmi.c:248:13:HAL_DCMI_MspInit	16	static
stm32f7xx_hal_dcmi.c:264:13:HAL_DCMI_MspDeInit	16	static
stm32f7xx_hal_dcmi.c:303:19:HAL_DCMI_Start_DMA	40	static
stm32f7xx_hal_dcmi.c:386:19:HAL_DCMI_Stop	32	static
stm32f7xx_hal_dcmi.c:439:19:HAL_DCMI_Suspend	24	static
stm32f7xx_hal_dcmi.c:485:19:HAL_DCMI_Resume	16	static
stm32f7xx_hal_dcmi.c:511:6:HAL_DCMI_IRQHandler	24	static
stm32f7xx_hal_dcmi.c:596:13:HAL_DCMI_ErrorCallback	16	static
stm32f7xx_hal_dcmi.c:612:13:HAL_DCMI_LineEventCallback	16	static
stm32f7xx_hal_dcmi.c:625:13:HAL_DCMI_VsyncEventCallback	16	static
stm32f7xx_hal_dcmi.c:641:13:HAL_DCMI_FrameEventCallback	16	static
stm32f7xx_hal_dcmi.c:681:19:HAL_DCMI_ConfigCrop	40	static
stm32f7xx_hal_dcmi.c:714:19:HAL_DCMI_DisableCrop	16	static
stm32f7xx_hal_dcmi.c:740:19:HAL_DCMI_EnableCrop	16	static
stm32f7xx_hal_dcmi.c:786:23:HAL_DCMI_GetState	16	static
stm32f7xx_hal_dcmi.c:797:10:HAL_DCMI_GetError	16	static
stm32f7xx_hal_dcmi.c:815:13:DCMI_DMAXferCplt	24	static
stm32f7xx_hal_dcmi.c:872:13:DCMI_DMAError	24	static
