stm32f7xx_hal_dfsdm.c:293:19:HAL_DFSDM_ChannelInit	48	static
stm32f7xx_hal_dfsdm.c:387:19:HAL_DFSDM_ChannelDeInit	16	static
stm32f7xx_hal_dfsdm.c:433:13:HAL_DFSDM_ChannelMspInit	16	static
stm32f7xx_hal_dfsdm.c:448:13:HAL_DFSDM_ChannelMspDeInit	16	static
stm32f7xx_hal_dfsdm.c:487:19:HAL_DFSDM_ChannelCkabStart	48	static
stm32f7xx_hal_dfsdm.c:540:19:HAL_DFSDM_ChannelPollForCkab	40	static
stm32f7xx_hal_dfsdm.c:590:19:HAL_DFSDM_ChannelCkabStop	32	static
stm32f7xx_hal_dfsdm.c:626:19:HAL_DFSDM_ChannelCkabStart_IT	48	static
stm32f7xx_hal_dfsdm.c:681:13:HAL_DFSDM_ChannelCkabCallback	16	static
stm32f7xx_hal_dfsdm.c:697:19:HAL_DFSDM_ChannelCkabStop_IT	32	static
stm32f7xx_hal_dfsdm.c:737:19:HAL_DFSDM_ChannelScdStart	40	static
stm32f7xx_hal_dfsdm.c:774:19:HAL_DFSDM_ChannelPollForScd	40	static
stm32f7xx_hal_dfsdm.c:824:19:HAL_DFSDM_ChannelScdStop	32	static
stm32f7xx_hal_dfsdm.c:861:19:HAL_DFSDM_ChannelScdStart_IT	40	static
stm32f7xx_hal_dfsdm.c:900:13:HAL_DFSDM_ChannelScdCallback	16	static
stm32f7xx_hal_dfsdm.c:916:19:HAL_DFSDM_ChannelScdStop_IT	32	static
stm32f7xx_hal_dfsdm.c:951:9:HAL_DFSDM_ChannelGetAwdValue	16	static
stm32f7xx_hal_dfsdm.c:963:19:HAL_DFSDM_ChannelModifyOffset	32	static
stm32f7xx_hal_dfsdm.c:1010:32:HAL_DFSDM_ChannelGetState	16	static
stm32f7xx_hal_dfsdm.c:1040:19:HAL_DFSDM_FilterInit	24	static
stm32f7xx_hal_dfsdm.c:1150:19:HAL_DFSDM_FilterDeInit	16	static
stm32f7xx_hal_dfsdm.c:1178:13:HAL_DFSDM_FilterMspInit	16	static
stm32f7xx_hal_dfsdm.c:1193:13:HAL_DFSDM_FilterMspDeInit	16	static
stm32f7xx_hal_dfsdm.c:1231:19:HAL_DFSDM_FilterConfigRegChannel	32	static
stm32f7xx_hal_dfsdm.c:1276:19:HAL_DFSDM_FilterConfigInjChannel	24	static
stm32f7xx_hal_dfsdm.c:1346:19:HAL_DFSDM_FilterRegularStart	24	static
stm32f7xx_hal_dfsdm.c:1375:19:HAL_DFSDM_FilterPollForRegConversion	24	static
stm32f7xx_hal_dfsdm.c:1436:19:HAL_DFSDM_FilterRegularStop	24	static
stm32f7xx_hal_dfsdm.c:1466:19:HAL_DFSDM_FilterRegularStart_IT	24	static
stm32f7xx_hal_dfsdm.c:1497:19:HAL_DFSDM_FilterRegularStop_IT	24	static
stm32f7xx_hal_dfsdm.c:1535:19:HAL_DFSDM_FilterRegularStart_DMA	32	static
stm32f7xx_hal_dfsdm.c:1612:19:HAL_DFSDM_FilterRegularMsbStart_DMA	32	static
stm32f7xx_hal_dfsdm.c:1683:19:HAL_DFSDM_FilterRegularStop_DMA	24	static
stm32f7xx_hal_dfsdm.c:1722:9:HAL_DFSDM_FilterGetRegularValue	32	static
stm32f7xx_hal_dfsdm.c:1750:19:HAL_DFSDM_FilterInjectedStart	24	static
stm32f7xx_hal_dfsdm.c:1779:19:HAL_DFSDM_FilterPollForInjConversion	24	static
stm32f7xx_hal_dfsdm.c:1850:19:HAL_DFSDM_FilterInjectedStop	24	static
stm32f7xx_hal_dfsdm.c:1880:19:HAL_DFSDM_FilterInjectedStart_IT	24	static
stm32f7xx_hal_dfsdm.c:1911:19:HAL_DFSDM_FilterInjectedStop_IT	24	static
stm32f7xx_hal_dfsdm.c:1949:19:HAL_DFSDM_FilterInjectedStart_DMA	32	static
stm32f7xx_hal_dfsdm.c:2024:19:HAL_DFSDM_FilterInjectedMsbStart_DMA	32	static
stm32f7xx_hal_dfsdm.c:2093:19:HAL_DFSDM_FilterInjectedStop_DMA	24	static
stm32f7xx_hal_dfsdm.c:2132:9:HAL_DFSDM_FilterGetInjectedValue	32	static
stm32f7xx_hal_dfsdm.c:2159:19:HAL_DFSDM_FilterAwdStart_IT	48	static
stm32f7xx_hal_dfsdm.c:2208:19:HAL_DFSDM_FilterAwdStop_IT	24	static
stm32f7xx_hal_dfsdm.c:2248:19:HAL_DFSDM_FilterExdStart	32	static
stm32f7xx_hal_dfsdm.c:2279:19:HAL_DFSDM_FilterExdStop	32	static
stm32f7xx_hal_dfsdm.c:2317:9:HAL_DFSDM_FilterGetExdMaxValue	32	static
stm32f7xx_hal_dfsdm.c:2345:9:HAL_DFSDM_FilterGetExdMinValue	32	static
stm32f7xx_hal_dfsdm.c:2372:10:HAL_DFSDM_FilterGetConvTimeValue	32	static
stm32f7xx_hal_dfsdm.c:2395:6:HAL_DFSDM_IRQHandler	96	static
stm32f7xx_hal_dfsdm.c:2556:13:HAL_DFSDM_FilterRegConvCpltCallback	16	static
stm32f7xx_hal_dfsdm.c:2571:13:HAL_DFSDM_FilterRegConvHalfCpltCallback	16	static
stm32f7xx_hal_dfsdm.c:2588:13:HAL_DFSDM_FilterInjConvCpltCallback	16	static
stm32f7xx_hal_dfsdm.c:2603:13:HAL_DFSDM_FilterInjConvHalfCpltCallback	16	static
stm32f7xx_hal_dfsdm.c:2620:13:HAL_DFSDM_FilterAwdCallback	24	static
stm32f7xx_hal_dfsdm.c:2638:13:HAL_DFSDM_FilterErrorCallback	16	static
stm32f7xx_hal_dfsdm.c:2671:31:HAL_DFSDM_FilterGetState	16	static
stm32f7xx_hal_dfsdm.c:2682:10:HAL_DFSDM_FilterGetError	16	static
stm32f7xx_hal_dfsdm.c:2706:13:DFSDM_DMARegularHalfConvCplt	24	static
stm32f7xx_hal_dfsdm.c:2720:13:DFSDM_DMARegularConvCplt	24	static
stm32f7xx_hal_dfsdm.c:2734:13:DFSDM_DMAInjectedHalfConvCplt	24	static
stm32f7xx_hal_dfsdm.c:2748:13:DFSDM_DMAInjectedConvCplt	24	static
stm32f7xx_hal_dfsdm.c:2762:13:DFSDM_DMAError	24	static
stm32f7xx_hal_dfsdm.c:2779:17:DFSDM_GetInjChannelsNbr	24	static
stm32f7xx_hal_dfsdm.c:2802:17:DFSDM_GetChannelFromInstance	24	static
stm32f7xx_hal_dfsdm.c:2848:13:DFSDM_RegConvStart	16	static
stm32f7xx_hal_dfsdm.c:2889:13:DFSDM_RegConvStop	16	static
stm32f7xx_hal_dfsdm.c:2925:13:DFSDM_InjConvStart	16	static
stm32f7xx_hal_dfsdm.c:2969:13:DFSDM_InjConvStop	16	static
