stm32f7xx_hal_spi.c:265:19:HAL_SPI_Init	24	static
stm32f7xx_hal_spi.c:390:19:HAL_SPI_DeInit	16	static
stm32f7xx_hal_spi.c:424:13:HAL_SPI_MspInit	16	static
stm32f7xx_hal_spi.c:440:13:HAL_SPI_MspDeInit	16	static
stm32f7xx_hal_spi.c:496:19:HAL_SPI_Transmit	40	static
stm32f7xx_hal_spi.c:654:19:HAL_SPI_Receive	48	static
stm32f7xx_hal_spi.c:885:19:HAL_SPI_TransmitReceive	56	static
stm32f7xx_hal_spi.c:1167:19:HAL_SPI_Transmit_IT	32	static
stm32f7xx_hal_spi.c:1250:19:HAL_SPI_Receive_IT	32	static
stm32f7xx_hal_spi.c:1355:19:HAL_SPI_TransmitReceive_IT	40	static
stm32f7xx_hal_spi.c:1462:19:HAL_SPI_Transmit_DMA	32	static
stm32f7xx_hal_spi.c:1572:19:HAL_SPI_Receive_DMA	32	static
stm32f7xx_hal_spi.c:1689:19:HAL_SPI_TransmitReceive_DMA	40	static
stm32f7xx_hal_spi.c:1856:19:HAL_SPI_Abort	40	static
stm32f7xx_hal_spi.c:1995:19:HAL_SPI_Abort_IT	40	static
stm32f7xx_hal_spi.c:2170:19:HAL_SPI_DMAPause	16	static
stm32f7xx_hal_spi.c:2190:19:HAL_SPI_DMAResume	16	static
stm32f7xx_hal_spi.c:2210:19:HAL_SPI_DMAStop	16	static
stm32f7xx_hal_spi.c:2241:6:HAL_SPI_IRQHandler	40	static
stm32f7xx_hal_spi.c:2337:13:HAL_SPI_TxCpltCallback	16	static
stm32f7xx_hal_spi.c:2353:13:HAL_SPI_RxCpltCallback	16	static
stm32f7xx_hal_spi.c:2369:13:HAL_SPI_TxRxCpltCallback	16	static
stm32f7xx_hal_spi.c:2385:13:HAL_SPI_TxHalfCpltCallback	16	static
stm32f7xx_hal_spi.c:2401:13:HAL_SPI_RxHalfCpltCallback	16	static
stm32f7xx_hal_spi.c:2417:13:HAL_SPI_TxRxHalfCpltCallback	16	static
stm32f7xx_hal_spi.c:2433:13:HAL_SPI_ErrorCallback	16	static
stm32f7xx_hal_spi.c:2451:13:HAL_SPI_AbortCpltCallback	16	static
stm32f7xx_hal_spi.c:2486:22:HAL_SPI_GetState	16	static
stm32f7xx_hal_spi.c:2498:10:HAL_SPI_GetError	16	static
stm32f7xx_hal_spi.c:2523:13:SPI_DMATransmitCplt	32	static
stm32f7xx_hal_spi.c:2570:13:SPI_DMAReceiveCplt	40	static
stm32f7xx_hal_spi.c:2661:13:SPI_DMATransmitReceiveCplt	40	static
stm32f7xx_hal_spi.c:2746:13:SPI_DMAHalfTransmitCplt	24	static
stm32f7xx_hal_spi.c:2759:13:SPI_DMAHalfReceiveCplt	24	static
stm32f7xx_hal_spi.c:2772:13:SPI_DMAHalfTransmitReceiveCplt	24	static
stm32f7xx_hal_spi.c:2785:13:SPI_DMAError	24	static
stm32f7xx_hal_spi.c:2803:13:SPI_DMAAbortOnError	24	static
stm32f7xx_hal_spi.c:2820:13:SPI_DMATxAbortCallback	40	static
stm32f7xx_hal_spi.c:2882:13:SPI_DMARxAbortCallback	40	static
stm32f7xx_hal_spi.c:2943:13:SPI_2linesRxISR_8BIT	16	static
stm32f7xx_hal_spi.c:2993:13:SPI_2linesRxISR_8BITCRC	24	static
stm32f7xx_hal_spi.c:3025:13:SPI_2linesTxISR_8BIT	16	static
stm32f7xx_hal_spi.c:3071:13:SPI_2linesRxISR_16BIT	16	static
stm32f7xx_hal_spi.c:3105:13:SPI_2linesRxISR_16BITCRC	24	static
stm32f7xx_hal_spi.c:3129:13:SPI_2linesTxISR_16BIT	16	static
stm32f7xx_hal_spi.c:3167:13:SPI_RxISR_8BITCRC	24	static
stm32f7xx_hal_spi.c:3192:13:SPI_RxISR_8BIT	16	static
stm32f7xx_hal_spi.c:3225:13:SPI_RxISR_16BITCRC	24	static
stm32f7xx_hal_spi.c:3248:13:SPI_RxISR_16BIT	16	static
stm32f7xx_hal_spi.c:3281:13:SPI_TxISR_8BIT	16	static
stm32f7xx_hal_spi.c:3305:13:SPI_TxISR_16BIT	16	static
stm32f7xx_hal_spi.c:3335:26:SPI_WaitFlagStateUntilTimeout	24	static
stm32f7xx_hal_spi.c:3387:26:SPI_WaitFifoStateUntilTimeout	32	static
stm32f7xx_hal_spi.c:3446:26:SPI_EndRxTransaction	32	static
stm32f7xx_hal_spi.c:3481:26:SPI_EndRxTxTransaction	32	static
stm32f7xx_hal_spi.c:3510:13:SPI_CloseRxTx_ISR	24	static
stm32f7xx_hal_spi.c:3567:13:SPI_CloseRx_ISR	16	static
stm32f7xx_hal_spi.c:3609:13:SPI_CloseTx_ISR	24	static
stm32f7xx_hal_spi.c:3648:13:SPI_AbortRx_ISR	32	static
stm32f7xx_hal_spi.c:3690:13:SPI_AbortTx_ISR	32	static
