stm32f7xx_hal_usart.c:191:19:HAL_USART_Init	16	static
stm32f7xx_hal_usart.c:239:19:HAL_USART_DeInit	16	static
stm32f7xx_hal_usart.c:273:14:HAL_USART_MspInit	16	static
stm32f7xx_hal_usart.c:288:14:HAL_USART_MspDeInit	16	static
stm32f7xx_hal_usart.c:367:19:HAL_USART_Transmit	40	static
stm32f7xx_hal_usart.c:438:19:HAL_USART_Receive	48	static
stm32f7xx_hal_usart.c:521:19:HAL_USART_TransmitReceive	48	static
stm32f7xx_hal_usart.c:611:19:HAL_USART_Transmit_IT	24	static
stm32f7xx_hal_usart.c:658:19:HAL_USART_Receive_IT	24	static
stm32f7xx_hal_usart.c:714:19:HAL_USART_TransmitReceive_IT	24	static
stm32f7xx_hal_usart.c:769:19:HAL_USART_Transmit_DMA	32	static
stm32f7xx_hal_usart.c:834:19:HAL_USART_Receive_DMA	32	static
stm32f7xx_hal_usart.c:924:19:HAL_USART_TransmitReceive_DMA	32	static
stm32f7xx_hal_usart.c:1008:19:HAL_USART_DMAPause	16	static
stm32f7xx_hal_usart.c:1045:19:HAL_USART_DMAResume	16	static
stm32f7xx_hal_usart.c:1090:19:HAL_USART_DMAStop	16	static
stm32f7xx_hal_usart.c:1139:6:HAL_USART_IRQHandler	32	static
stm32f7xx_hal_usart.c:1287:13:HAL_USART_TxCpltCallback	16	static
stm32f7xx_hal_usart.c:1302:14:HAL_USART_TxHalfCpltCallback	16	static
stm32f7xx_hal_usart.c:1317:13:HAL_USART_RxCpltCallback	16	static
stm32f7xx_hal_usart.c:1332:13:HAL_USART_RxHalfCpltCallback	16	static
stm32f7xx_hal_usart.c:1347:13:HAL_USART_TxRxCpltCallback	16	static
stm32f7xx_hal_usart.c:1362:13:HAL_USART_ErrorCallback	16	static
stm32f7xx_hal_usart.c:1400:24:HAL_USART_GetState	16	static
stm32f7xx_hal_usart.c:1411:10:HAL_USART_GetError	16	static
stm32f7xx_hal_usart.c:1429:26:USART_Transmit_IT	24	static
stm32f7xx_hal_usart.c:1476:26:USART_EndTransmit_IT	16	static
stm32f7xx_hal_usart.c:1498:26:USART_Receive_IT	24	static
stm32f7xx_hal_usart.c:1551:26:USART_TransmitReceive_IT	24	static
stm32f7xx_hal_usart.c:1635:26:USART_WaitOnFlagUntilTimeout	24	static
stm32f7xx_hal_usart.c:1675:13:USART_DMATransmitCplt	24	static
stm32f7xx_hal_usart.c:1710:13:USART_DMATxHalfCplt	24	static
stm32f7xx_hal_usart.c:1722:13:USART_DMAReceiveCplt	24	static
stm32f7xx_hal_usart.c:1773:13:USART_DMARxHalfCplt	24	static
stm32f7xx_hal_usart.c:1785:13:USART_DMAError	24	static
stm32f7xx_hal_usart.c:1818:13:USART_DMAAbortOnError	24	static
stm32f7xx_hal_usart.c:1832:13:USART_EndTxTransfer	16	static
stm32f7xx_hal_usart.c:1846:13:USART_EndRxTransfer	16	static
stm32f7xx_hal_usart.c:1861:26:USART_SetConfig	32	static
stm32f7xx_hal_usart.c:1943:26:USART_CheckIdleState	32	static
