stm32f7xx_hal_irda.c:236:19:HAL_IRDA_Init	16	static
stm32f7xx_hal_irda.c:289:19:HAL_IRDA_DeInit	16	static
stm32f7xx_hal_irda.c:323:13:HAL_IRDA_MspInit	16	static
stm32f7xx_hal_irda.c:339:13:HAL_IRDA_MspDeInit	16	static
stm32f7xx_hal_irda.c:445:19:HAL_IRDA_Transmit	40	static
stm32f7xx_hal_irda.c:517:19:HAL_IRDA_Receive	48	static
stm32f7xx_hal_irda.c:591:19:HAL_IRDA_Transmit_IT	24	static
stm32f7xx_hal_irda.c:633:19:HAL_IRDA_Receive_IT	24	static
stm32f7xx_hal_irda.c:682:19:HAL_IRDA_Transmit_DMA	24	static
stm32f7xx_hal_irda.c:745:19:HAL_IRDA_Receive_DMA	24	static
stm32f7xx_hal_irda.c:807:19:HAL_IRDA_DMAPause	16	static
stm32f7xx_hal_irda.c:841:19:HAL_IRDA_DMAResume	16	static
stm32f7xx_hal_irda.c:876:19:HAL_IRDA_DMAStop	16	static
stm32f7xx_hal_irda.c:931:19:HAL_IRDA_Abort	16	static
stm32f7xx_hal_irda.c:999:19:HAL_IRDA_AbortTransmit	16	static
stm32f7xx_hal_irda.c:1042:19:HAL_IRDA_AbortReceive	16	static
stm32f7xx_hal_irda.c:1091:19:HAL_IRDA_Abort_IT	24	static
stm32f7xx_hal_irda.c:1217:19:HAL_IRDA_AbortTransmit_IT	16	static
stm32f7xx_hal_irda.c:1283:19:HAL_IRDA_AbortReceive_IT	16	static
stm32f7xx_hal_irda.c:1347:6:HAL_IRDA_IRQHandler	32	static
stm32f7xx_hal_irda.c:1489:13:HAL_IRDA_TxCpltCallback	16	static
stm32f7xx_hal_irda.c:1505:13:HAL_IRDA_TxHalfCpltCallback	16	static
stm32f7xx_hal_irda.c:1521:13:HAL_IRDA_RxCpltCallback	16	static
stm32f7xx_hal_irda.c:1537:13:HAL_IRDA_RxHalfCpltCallback	16	static
stm32f7xx_hal_irda.c:1553:13:HAL_IRDA_ErrorCallback	16	static
stm32f7xx_hal_irda.c:1569:13:HAL_IRDA_AbortCpltCallback	16	static
stm32f7xx_hal_irda.c:1585:13:HAL_IRDA_AbortTransmitCpltCallback	16	static
stm32f7xx_hal_irda.c:1601:13:HAL_IRDA_AbortReceiveCpltCallback	16	static
stm32f7xx_hal_irda.c:1640:23:HAL_IRDA_GetState	24	static
stm32f7xx_hal_irda.c:1656:10:HAL_IRDA_GetError	16	static
stm32f7xx_hal_irda.c:1679:26:IRDA_SetConfig	32	static
stm32f7xx_hal_irda.c:1742:26:IRDA_CheckIdleState	32	static
stm32f7xx_hal_irda.c:1783:26:IRDA_WaitOnFlagUntilTimeout	24	static
stm32f7xx_hal_irda.c:1816:13:IRDA_EndTxTransfer	16	static
stm32f7xx_hal_irda.c:1832:13:IRDA_EndRxTransfer	16	static
stm32f7xx_hal_irda.c:1849:13:IRDA_DMATransmitCplt	24	static
stm32f7xx_hal_irda.c:1879:13:IRDA_DMATransmitHalfCplt	24	static
stm32f7xx_hal_irda.c:1892:13:IRDA_DMAReceiveCplt	24	static
stm32f7xx_hal_irda.c:1922:13:IRDA_DMAReceiveHalfCplt	24	static
stm32f7xx_hal_irda.c:1935:13:IRDA_DMAError	24	static
stm32f7xx_hal_irda.c:1965:13:IRDA_DMAAbortOnError	24	static
stm32f7xx_hal_irda.c:1982:13:IRDA_DMATxAbortCallback	24	static
stm32f7xx_hal_irda.c:2024:13:IRDA_DMARxAbortCallback	24	static
stm32f7xx_hal_irda.c:2066:13:IRDA_DMATxOnlyAbortCallback	24	static
stm32f7xx_hal_irda.c:2087:13:IRDA_DMARxOnlyAbortCallback	24	static
stm32f7xx_hal_irda.c:2111:26:IRDA_Transmit_IT	24	static
stm32f7xx_hal_irda.c:2157:26:IRDA_EndTransmit_IT	16	static
stm32f7xx_hal_irda.c:2178:26:IRDA_Receive_IT	24	static
