stm32f7xx_ll_sdmmc.c:229:19:SDMMC_Init	24	static
stm32f7xx_ll_sdmmc.c:282:10:SDMMC_ReadFIFO	16	static
stm32f7xx_ll_sdmmc.c:294:19:SDMMC_WriteFIFO	16	static
stm32f7xx_ll_sdmmc.c:326:19:SDMMC_PowerState_ON	16	static
stm32f7xx_ll_sdmmc.c:343:19:SDMMC_PowerState_OFF	16	static
stm32f7xx_ll_sdmmc.c:360:10:SDMMC_GetPowerState	16	static
stm32f7xx_ll_sdmmc.c:373:19:SDMMC_SendCommand	24	static
stm32f7xx_ll_sdmmc.c:403:9:SDMMC_GetCommandResponse	16	static
stm32f7xx_ll_sdmmc.c:420:10:SDMMC_GetResponse	24	static
stm32f7xx_ll_sdmmc.c:441:19:SDMMC_ConfigData	24	static
stm32f7xx_ll_sdmmc.c:476:10:SDMMC_GetDataCounter	16	static
stm32f7xx_ll_sdmmc.c:486:10:SDMMC_GetFIFOCount	16	static
stm32f7xx_ll_sdmmc.c:500:19:SDMMC_SetSDMMCReadWaitMode	16	static
stm32f7xx_ll_sdmmc.c:535:10:SDMMC_CmdBlockLength	40	static
stm32f7xx_ll_sdmmc.c:559:10:SDMMC_CmdReadSingleBlock	40	static
stm32f7xx_ll_sdmmc.c:583:10:SDMMC_CmdReadMultiBlock	40	static
stm32f7xx_ll_sdmmc.c:607:10:SDMMC_CmdWriteSingleBlock	40	static
stm32f7xx_ll_sdmmc.c:631:10:SDMMC_CmdWriteMultiBlock	40	static
stm32f7xx_ll_sdmmc.c:655:10:SDMMC_CmdSDEraseStartAdd	40	static
stm32f7xx_ll_sdmmc.c:679:10:SDMMC_CmdSDEraseEndAdd	40	static
stm32f7xx_ll_sdmmc.c:703:10:SDMMC_CmdEraseStartAdd	40	static
stm32f7xx_ll_sdmmc.c:727:10:SDMMC_CmdEraseEndAdd	40	static
stm32f7xx_ll_sdmmc.c:751:10:SDMMC_CmdErase	40	static
stm32f7xx_ll_sdmmc.c:775:10:SDMMC_CmdStopTransfer	40	static
stm32f7xx_ll_sdmmc.c:800:10:SDMMC_CmdSelDesel	48	static
stm32f7xx_ll_sdmmc.c:824:10:SDMMC_CmdGoIdleState	40	static
stm32f7xx_ll_sdmmc.c:847:10:SDMMC_CmdOperCond	40	static
stm32f7xx_ll_sdmmc.c:877:10:SDMMC_CmdAppCommand	40	static
stm32f7xx_ll_sdmmc.c:904:10:SDMMC_CmdAppOperCommand	40	static
stm32f7xx_ll_sdmmc.c:927:10:SDMMC_CmdBusWidth	40	static
stm32f7xx_ll_sdmmc.c:950:10:SDMMC_CmdSendSCR	40	static
stm32f7xx_ll_sdmmc.c:974:10:SDMMC_CmdSendCID	40	static
stm32f7xx_ll_sdmmc.c:998:10:SDMMC_CmdSendCSD	40	static
stm32f7xx_ll_sdmmc.c:1022:10:SDMMC_CmdSetRelAdd	40	static
stm32f7xx_ll_sdmmc.c:1046:10:SDMMC_CmdSendStatus	40	static
stm32f7xx_ll_sdmmc.c:1069:10:SDMMC_CmdStatusRegister	40	static
stm32f7xx_ll_sdmmc.c:1094:10:SDMMC_CmdOpCondition	40	static
stm32f7xx_ll_sdmmc.c:1118:10:SDMMC_CmdSwitch	40	static
stm32f7xx_ll_sdmmc.c:1150:17:SDMMC_GetCmdError	16	static
stm32f7xx_ll_sdmmc.c:1177:17:SDMMC_GetCmdResp1	40	static
stm32f7xx_ll_sdmmc.c:1306:17:SDMMC_GetCmdResp2	16	static
stm32f7xx_ll_sdmmc.c:1348:17:SDMMC_GetCmdResp3	16	static
stm32f7xx_ll_sdmmc.c:1387:17:SDMMC_GetCmdResp6	40	static
stm32f7xx_ll_sdmmc.c:1454:17:SDMMC_GetCmdResp7	16	static
