stm32f7xx_hal_jpeg.c:476:19:HAL_JPEG_Init	40	static
stm32f7xx_hal_jpeg.c:561:19:HAL_JPEG_DeInit	16	static
stm32f7xx_hal_jpeg.c:601:13:HAL_JPEG_MspInit	16	static
stm32f7xx_hal_jpeg.c:617:13:HAL_JPEG_MspDeInit	16	static
stm32f7xx_hal_jpeg.c:657:19:HAL_JPEG_ConfigEncoding	40	static
stm32f7xx_hal_jpeg.c:838:19:HAL_JPEG_GetInfo	32	static
stm32f7xx_hal_jpeg.c:905:19:HAL_JPEG_EnableHeaderParsing	16	static
stm32f7xx_hal_jpeg.c:941:19:HAL_JPEG_DisableHeaderParsing	16	static
stm32f7xx_hal_jpeg.c:988:20:HAL_JPEG_SetUserQuantTables	24	static
stm32f7xx_hal_jpeg.c:1062:20:HAL_JPEG_Encode	32	static
stm32f7xx_hal_jpeg.c:1168:20:HAL_JPEG_Decode	32	static
stm32f7xx_hal_jpeg.c:1265:20:HAL_JPEG_Encode_IT	24	static
stm32f7xx_hal_jpeg.c:1339:20:HAL_JPEG_Decode_IT	24	static
stm32f7xx_hal_jpeg.c:1403:20:HAL_JPEG_Encode_DMA	24	static
stm32f7xx_hal_jpeg.c:1476:20:HAL_JPEG_Decode_DMA	24	static
stm32f7xx_hal_jpeg.c:1539:20:HAL_JPEG_Pause	24	static
stm32f7xx_hal_jpeg.c:1591:20:HAL_JPEG_Resume	24	static
stm32f7xx_hal_jpeg.c:1670:6:HAL_JPEG_ConfigInputBuffer	24	static
stm32f7xx_hal_jpeg.c:1684:6:HAL_JPEG_ConfigOutputBuffer	24	static
stm32f7xx_hal_jpeg.c:1696:19:HAL_JPEG_Abort	24	static
stm32f7xx_hal_jpeg.c:1799:13:HAL_JPEG_InfoReadyCallback	16	static
stm32f7xx_hal_jpeg.c:1816:13:HAL_JPEG_EncodeCpltCallback	16	static
stm32f7xx_hal_jpeg.c:1832:13:HAL_JPEG_DecodeCpltCallback	16	static
stm32f7xx_hal_jpeg.c:1848:14:HAL_JPEG_ErrorCallback	16	static
stm32f7xx_hal_jpeg.c:1865:14:HAL_JPEG_GetDataCallback	16	static
stm32f7xx_hal_jpeg.c:1884:13:HAL_JPEG_DataReadyCallback	24	static
stm32f7xx_hal_jpeg.c:1921:6:HAL_JPEG_IRQHandler	16	static
stm32f7xx_hal_jpeg.c:1971:23:HAL_JPEG_GetState	16	static
stm32f7xx_hal_jpeg.c:1982:10:HAL_JPEG_GetError	16	static
stm32f7xx_hal_jpeg.c:2008:26:JPEG_Bits_To_SizeCodes	48	static
stm32f7xx_hal_jpeg.c:2060:26:JPEG_ACHuff_BitsVals_To_SizeCodes	1328	static
stm32f7xx_hal_jpeg.c:2118:26:JPEG_DCHuff_BitsVals_To_SizeCodes	1320	static
stm32f7xx_hal_jpeg.c:2162:26:JPEG_Set_HuffDC_Mem	112	static
stm32f7xx_hal_jpeg.c:2219:26:JPEG_Set_HuffAC_Mem	864	static
stm32f7xx_hal_jpeg.c:2293:26:JPEG_Set_HuffEnc_Mem	40	static
stm32f7xx_hal_jpeg.c:2349:13:JPEG_Set_Huff_DHTMem	40	static
stm32f7xx_hal_jpeg.c:2544:27:JPEG_Set_Quantization_Mem	48	static
stm32f7xx_hal_jpeg.c:2610:13:JPEG_SetColorYCBCR	32	static
stm32f7xx_hal_jpeg.c:2671:13:JPEG_SetColorGrayScale	16	static
stm32f7xx_hal_jpeg.c:2691:13:JPEG_SetColorCMYK	32	static
stm32f7xx_hal_jpeg.c:2750:13:JPEG_Init_Process	16	static
stm32f7xx_hal_jpeg.c:2804:17:JPEG_Process	24	static
stm32f7xx_hal_jpeg.c:2922:13:JPEG_StoreOutputData	40	static
stm32f7xx_hal_jpeg.c:2992:13:JPEG_ReadInputData	32	static
stm32f7xx_hal_jpeg.c:3060:26:JPEG_DMA_StartProcess	16	static
stm32f7xx_hal_jpeg.c:3108:17:JPEG_DMA_ContinueProcess	16	static
stm32f7xx_hal_jpeg.c:3172:17:JPEG_DMA_EndProcess	24	static
stm32f7xx_hal_jpeg.c:3226:13:JPEG_DMA_PollResidualData	32	static
stm32f7xx_hal_jpeg.c:3283:13:JPEG_DMAInCpltCallback	24	static
stm32f7xx_hal_jpeg.c:3328:13:JPEG_DMAOutCpltCallback	24	static
stm32f7xx_hal_jpeg.c:3363:13:JPEG_DMAErrorCallback	24	static
stm32f7xx_hal_jpeg.c:3390:13:JPEG_DMAOutAbortCallback	24	static
stm32f7xx_hal_jpeg.c:3406:17:JPEG_GetQuality	48	static
