Archive member included to satisfy reference by file (symbol)

c:/program files (x86)/atollic/truestudio for stm32 9.3.0/armtools/bin/../lib/gcc/arm-atollic-eabi/6.3.1/../../../../arm-atollic-eabi/lib/armv7e-m/fpu/fpv5-sp-d16\libc_nano.a(lib_a-init.o)
                              src\startup_stm32f767xx.o (__libc_init_array)
c:/program files (x86)/atollic/truestudio for stm32 9.3.0/armtools/bin/../lib/gcc/arm-atollic-eabi/6.3.1/../../../../arm-atollic-eabi/lib/armv7e-m/fpu/fpv5-sp-d16\libc_nano.a(lib_a-strlen.o)
                              src\tiny_printf.o (strlen)
c:/program files (x86)/atollic/truestudio for stm32 9.3.0/armtools/bin/../lib/gcc/arm-atollic-eabi/6.3.1/../../../../arm-atollic-eabi/lib/armv7e-m/fpu/fpv5-sp-d16\libnosys.a(write.o)
                              src\tiny_printf.o (_write)
c:/program files (x86)/atollic/truestudio for stm32 9.3.0/armtools/bin/../lib/gcc/arm-atollic-eabi/6.3.1/../../../../arm-atollic-eabi/lib/armv7e-m/fpu/fpv5-sp-d16\libnosys.a(errno.o)
                              c:/program files (x86)/atollic/truestudio for stm32 9.3.0/armtools/bin/../lib/gcc/arm-atollic-eabi/6.3.1/../../../../arm-atollic-eabi/lib/armv7e-m/fpu/fpv5-sp-d16\libnosys.a(write.o) (errno)

Allocating common symbols
Common symbol       size              file

errno               0x4               c:/program files (x86)/atollic/truestudio for stm32 9.3.0/armtools/bin/../lib/gcc/arm-atollic-eabi/6.3.1/../../../../arm-atollic-eabi/lib/armv7e-m/fpu/fpv5-sp-d16\libnosys.a(errno.o)
uwTick              0x4               Drivers\STM32F7xx_HAL_Driver\Src\stm32f7xx_hal.o
pFlash              0x1c              Drivers\STM32F7xx_HAL_Driver\Src\stm32f7xx_hal_flash.o
hRTC_Handle         0x20              Drivers\STM32F7xx_HAL_Driver\Src\stm32f7xx_hal_timebase_rtc_alarm.o

Discarded input sections

 .text          0x00000000        0x0 c:/program files (x86)/atollic/truestudio for stm32 9.3.0/armtools/bin/../lib/gcc/arm-atollic-eabi/6.3.1/armv7e-m/fpu/fpv5-sp-d16/crti.o
 .data          0x00000000        0x0 c:/program files (x86)/atollic/truestudio for stm32 9.3.0/armtools/bin/../lib/gcc/arm-atollic-eabi/6.3.1/armv7e-m/fpu/fpv5-sp-d16/crti.o
 .bss           0x00000000        0x0 c:/program files (x86)/atollic/truestudio for stm32 9.3.0/armtools/bin/../lib/gcc/arm-atollic-eabi/6.3.1/armv7e-m/fpu/fpv5-sp-d16/crti.o
 .data          0x00000000        0x4 c:/program files (x86)/atollic/truestudio for stm32 9.3.0/armtools/bin/../lib/gcc/arm-atollic-eabi/6.3.1/armv7e-m/fpu/fpv5-sp-d16/crtbegin.o
 .text          0x00000000        0x0 Drivers\STM32F7xx_HAL_Driver\Src\stm32f7xx_hal.o
 .data          0x00000000        0x0 Drivers\STM32F7xx_HAL_Driver\Src\stm32f7xx_hal.o
 .bss           0x00000000        0x0 Drivers\STM32F7xx_HAL_Driver\Src\stm32f7xx_hal.o
 .text.HAL_Init
                0x00000000       0x2c Drivers\STM32F7xx_HAL_Driver\Src\stm32f7xx_hal.o
 .text.HAL_DeInit
                0x00000000       0x58 Drivers\STM32F7xx_HAL_Driver\Src\stm32f7xx_hal.o
 .text.HAL_MspInit
                0x00000000        0xe Drivers\STM32F7xx_HAL_Driver\Src\stm32f7xx_hal.o
 .text.HAL_MspDeInit
                0x00000000        0xe Drivers\STM32F7xx_HAL_Driver\Src\stm32f7xx_hal.o
 .text.HAL_InitTick
                0x00000000       0x38 Drivers\STM32F7xx_HAL_Driver\Src\stm32f7xx_hal.o
 .text.HAL_GetTick
                0x00000000       0x18 Drivers\STM32F7xx_HAL_Driver\Src\stm32f7xx_hal.o
 .text.HAL_Delay
                0x00000000       0x2c Drivers\STM32F7xx_HAL_Driver\Src\stm32f7xx_hal.o
 .text.HAL_SuspendTick
                0x00000000       0x20 Drivers\STM32F7xx_HAL_Driver\Src\stm32f7xx_hal.o
 .text.HAL_ResumeTick
                0x00000000       0x20 Drivers\STM32F7xx_HAL_Driver\Src\stm32f7xx_hal.o
 .text.HAL_GetHalVersion
                0x00000000       0x12 Drivers\STM32F7xx_HAL_Driver\Src\stm32f7xx_hal.o
 .text.HAL_GetREVID
                0x00000000       0x18 Drivers\STM32F7xx_HAL_Driver\Src\stm32f7xx_hal.o
 .text.HAL_GetDEVID
                0x00000000       0x1c Drivers\STM32F7xx_HAL_Driver\Src\stm32f7xx_hal.o
 .text.HAL_DBGMCU_EnableDBGSleepMode
                0x00000000       0x20 Drivers\STM32F7xx_HAL_Driver\Src\stm32f7xx_hal.o
 .text.HAL_DBGMCU_DisableDBGSleepMode
                0x00000000       0x20 Drivers\STM32F7xx_HAL_Driver\Src\stm32f7xx_hal.o
 .text.HAL_DBGMCU_EnableDBGStopMode
                0x00000000       0x20 Drivers\STM32F7xx_HAL_Driver\Src\stm32f7xx_hal.o
 .text.HAL_DBGMCU_DisableDBGStopMode
                0x00000000       0x20 Drivers\STM32F7xx_HAL_Driver\Src\stm32f7xx_hal.o
 .text.HAL_DBGMCU_EnableDBGStandbyMode
                0x00000000       0x20 Drivers\STM32F7xx_HAL_Driver\Src\stm32f7xx_hal.o
 .text.HAL_DBGMCU_DisableDBGStandbyMode
                0x00000000       0x20 Drivers\STM32F7xx_HAL_Driver\Src\stm32f7xx_hal.o
 .text.HAL_EnableCompensationCell
                0x00000000       0x20 Drivers\STM32F7xx_HAL_Driver\Src\stm32f7xx_hal.o
 .text.HAL_DisableCompensationCell
[...]
Memory Configuration

Name             Origin             Length             Attributes
FLASH            0x08000000         0x00200000         xr
DTCMRAM          0x20000000         0x00020000         xrw
SRAM1            0x20020000         0x0005c000         xrw
SRAM2            0x2007c000         0x00004000         xrw
MEMORY_B1        0x60000000         0x00000000         xr
*default*        0x00000000         0xffffffff

Linker script and memory map

LOAD c:/program files (x86)/atollic/truestudio for stm32 9.3.0/armtools/bin/../lib/gcc/arm-atollic-eabi/6.3.1/armv7e-m/fpu/fpv5-sp-d16/crti.o
LOAD c:/program files (x86)/atollic/truestudio for stm32 9.3.0/armtools/bin/../lib/gcc/arm-atollic-eabi/6.3.1/armv7e-m/fpu/fpv5-sp-d16/crtbegin.o
LOAD Drivers\STM32F7xx_HAL_Driver\Src\stm32f7xx_hal.o
LOAD Drivers\STM32F7xx_HAL_Driver\Src\stm32f7xx_hal_adc.o
LOAD Drivers\STM32F7xx_HAL_Driver\Src\stm32f7xx_hal_adc_ex.o
LOAD Drivers\STM32F7xx_HAL_Driver\Src\stm32f7xx_hal_can.o
LOAD Drivers\STM32F7xx_HAL_Driver\Src\stm32f7xx_hal_cec.o
LOAD Drivers\STM32F7xx_HAL_Driver\Src\stm32f7xx_hal_cortex.o
LOAD Drivers\STM32F7xx_HAL_Driver\Src\stm32f7xx_hal_crc.o
LOAD Drivers\STM32F7xx_HAL_Driver\Src\stm32f7xx_hal_crc_ex.o
LOAD Drivers\STM32F7xx_HAL_Driver\Src\stm32f7xx_hal_cryp.o
LOAD Drivers\STM32F7xx_HAL_Driver\Src\stm32f7xx_hal_cryp_ex.o
LOAD Drivers\STM32F7xx_HAL_Driver\Src\stm32f7xx_hal_dac.o
LOAD Drivers\STM32F7xx_HAL_Driver\Src\stm32f7xx_hal_dac_ex.o
LOAD Drivers\STM32F7xx_HAL_Driver\Src\stm32f7xx_hal_dcmi.o
LOAD Drivers\STM32F7xx_HAL_Driver\Src\stm32f7xx_hal_dcmi_ex.o
LOAD Drivers\STM32F7xx_HAL_Driver\Src\stm32f7xx_hal_dfsdm.o
LOAD Drivers\STM32F7xx_HAL_Driver\Src\stm32f7xx_hal_dma.o
LOAD Drivers\STM32F7xx_HAL_Driver\Src\stm32f7xx_hal_dma2d.o
LOAD Drivers\STM32F7xx_HAL_Driver\Src\stm32f7xx_hal_dma_ex.o
LOAD Drivers\STM32F7xx_HAL_Driver\Src\stm32f7xx_hal_dsi.o
LOAD Drivers\STM32F7xx_HAL_Driver\Src\stm32f7xx_hal_eth.o
LOAD Drivers\STM32F7xx_HAL_Driver\Src\stm32f7xx_hal_flash.o
LOAD Drivers\STM32F7xx_HAL_Driver\Src\stm32f7xx_hal_flash_ex.o
LOAD Drivers\STM32F7xx_HAL_Driver\Src\stm32f7xx_hal_gpio.o
LOAD Drivers\STM32F7xx_HAL_Driver\Src\stm32f7xx_hal_hash.o
LOAD Drivers\STM32F7xx_HAL_Driver\Src\stm32f7xx_hal_hash_ex.o
LOAD Drivers\STM32F7xx_HAL_Driver\Src\stm32f7xx_hal_hcd.o
LOAD Drivers\STM32F7xx_HAL_Driver\Src\stm32f7xx_hal_i2c.o
LOAD Drivers\STM32F7xx_HAL_Driver\Src\stm32f7xx_hal_i2c_ex.o
LOAD Drivers\STM32F7xx_HAL_Driver\Src\stm32f7xx_hal_i2s.o
LOAD Drivers\STM32F7xx_HAL_Driver\Src\stm32f7xx_hal_irda.o
LOAD Drivers\STM32F7xx_HAL_Driver\Src\stm32f7xx_hal_iwdg.o
LOAD Drivers\STM32F7xx_HAL_Driver\Src\stm32f7xx_hal_jpeg.o
LOAD Drivers\STM32F7xx_HAL_Driver\Src\stm32f7xx_hal_lptim.o
LOAD Drivers\STM32F7xx_HAL_Driver\Src\stm32f7xx_hal_ltdc.o
LOAD Drivers\STM32F7xx_HAL_Driver\Src\stm32f7xx_hal_ltdc_ex.o
LOAD Drivers\STM32F7xx_HAL_Driver\Src\stm32f7xx_hal_mdios.o
LOAD Drivers\STM32F7xx_HAL_Driver\Src\stm32f7xx_hal_mmc.o
LOAD Drivers\STM32F7xx_HAL_Driver\Src\stm32f7xx_hal_msp_template.o
LOAD Drivers\STM32F7xx_HAL_Driver\Src\stm32f7xx_hal_nand.o
LOAD Drivers\STM32F7xx_HAL_Driver\Src\stm32f7xx_hal_nor.o
LOAD Drivers\STM32F7xx_HAL_Driver\Src\stm32f7xx_hal_pcd.o
LOAD Drivers\STM32F7xx_HAL_Driver\Src\stm32f7xx_hal_pcd_ex.o
LOAD Drivers\STM32F7xx_HAL_Driver\Src\stm32f7xx_hal_pwr.o
LOAD Drivers\STM32F7xx_HAL_Driver\Src\stm32f7xx_hal_pwr_ex.o
LOAD Drivers\STM32F7xx_HAL_Driver\Src\stm32f7xx_hal_qspi.o
LOAD Drivers\STM32F7xx_HAL_Driver\Src\stm32f7xx_hal_rcc.o
LOAD Drivers\STM32F7xx_HAL_Driver\Src\stm32f7xx_hal_rcc_ex.o
LOAD Drivers\STM32F7xx_HAL_Driver\Src\stm32f7xx_hal_rng.o
LOAD Drivers\STM32F7xx_HAL_Driver\Src\stm32f7xx_hal_rtc.o
LOAD Drivers\STM32F7xx_HAL_Driver\Src\stm32f7xx_hal_rtc_ex.o
LOAD Drivers\STM32F7xx_HAL_Driver\Src\stm32f7xx_hal_sai.o
LOAD Drivers\STM32F7xx_HAL_Driver\Src\stm32f7xx_hal_sai_ex.o
LOAD Drivers\STM32F7xx_HAL_Driver\Src\stm32f7xx_hal_sd.o
LOAD Drivers\STM32F7xx_HAL_Driver\Src\stm32f7xx_hal_sdram.o
LOAD Drivers\STM32F7xx_HAL_Driver\Src\stm32f7xx_hal_smartcard.o
LOAD Drivers\STM32F7xx_HAL_Driver\Src\stm32f7xx_hal_smartcard_ex.o
LOAD Drivers\STM32F7xx_HAL_Driver\Src\stm32f7xx_hal_smbus.o
LOAD Drivers\STM32F7xx_HAL_Driver\Src\stm32f7xx_hal_spdifrx.o
LOAD Drivers\STM32F7xx_HAL_Driver\Src\stm32f7xx_hal_spi.o
LOAD Drivers\STM32F7xx_HAL_Driver\Src\stm32f7xx_hal_sram.o
LOAD Drivers\STM32F7xx_HAL_Driver\Src\stm32f7xx_hal_tim.o
LOAD Drivers\STM32F7xx_HAL_Driver\Src\stm32f7xx_hal_tim_ex.o
LOAD Drivers\STM32F7xx_HAL_Driver\Src\stm32f7xx_hal_timebase_rtc_alarm.o
LOAD Drivers\STM32F7xx_HAL_Driver\Src\stm32f7xx_hal_uart.o
LOAD Drivers\STM32F7xx_HAL_Driver\Src\stm32f7xx_hal_usart.o
LOAD Drivers\STM32F7xx_HAL_Driver\Src\stm32f7xx_hal_wwdg.o
LOAD Drivers\STM32F7xx_HAL_Driver\Src\stm32f7xx_ll_adc.o
LOAD Drivers\STM32F7xx_HAL_Driver\Src\stm32f7xx_ll_crc.o
LOAD Drivers\STM32F7xx_HAL_Driver\Src\stm32f7xx_ll_dac.o
LOAD Drivers\STM32F7xx_HAL_Driver\Src\stm32f7xx_ll_dma.o
LOAD Drivers\STM32F7xx_HAL_Driver\Src\stm32f7xx_ll_dma2d.o
LOAD Drivers\STM32F7xx_HAL_Driver\Src\stm32f7xx_ll_exti.o
LOAD Drivers\STM32F7xx_HAL_Driver\Src\stm32f7xx_ll_fmc.o
LOAD Drivers\STM32F7xx_HAL_Driver\Src\stm32f7xx_ll_gpio.o
LOAD Drivers\STM32F7xx_HAL_Driver\Src\stm32f7xx_ll_i2c.o
LOAD Drivers\STM32F7xx_HAL_Driver\Src\stm32f7xx_ll_lptim.o
LOAD Drivers\STM32F7xx_HAL_Driver\Src\stm32f7xx_ll_pwr.o
LOAD Drivers\STM32F7xx_HAL_Driver\Src\stm32f7xx_ll_rcc.o
LOAD Drivers\STM32F7xx_HAL_Driver\Src\stm32f7xx_ll_rng.o
LOAD Drivers\STM32F7xx_HAL_Driver\Src\stm32f7xx_ll_rtc.o
LOAD Drivers\STM32F7xx_HAL_Driver\Src\stm32f7xx_ll_sdmmc.o
LOAD Drivers\STM32F7xx_HAL_Driver\Src\stm32f7xx_ll_spi.o
LOAD Drivers\STM32F7xx_HAL_Driver\Src\stm32f7xx_ll_tim.o
LOAD Drivers\STM32F7xx_HAL_Driver\Src\stm32f7xx_ll_usart.o
LOAD Drivers\STM32F7xx_HAL_Driver\Src\stm32f7xx_ll_usb.o
LOAD Drivers\STM32F7xx_HAL_Driver\Src\stm32f7xx_ll_utils.o
LOAD src\main.o
LOAD src\startup_stm32f767xx.o
LOAD src\system_stm32f7xx.o
LOAD src\tiny_printf.o
                0x00000080                malloc_getpagesize_P = 0x80
START GROUP
LOAD c:/program files (x86)/atollic/truestudio for stm32 9.3.0/armtools/bin/../lib/gcc/arm-atollic-eabi/6.3.1/../../../../arm-atollic-eabi/lib/armv7e-m/fpu/fpv5-sp-d16\libc_nano.a
LOAD c:/program files (x86)/atollic/truestudio for stm32 9.3.0/armtools/bin/../lib/gcc/arm-atollic-eabi/6.3.1/../../../../arm-atollic-eabi/lib/armv7e-m/fpu/fpv5-sp-d16\libm.a
END GROUP
START GROUP
LOAD c:/program files (x86)/atollic/truestudio for stm32 9.3.0/armtools/bin/../lib/gcc/arm-atollic-eabi/6.3.1/armv7e-m/fpu/fpv5-sp-d16\libgcc.a
LOAD c:/program files (x86)/atollic/truestudio for stm32 9.3.0/armtools/bin/../lib/gcc/arm-atollic-eabi/6.3.1/../../../../arm-atollic-eabi/lib/armv7e-m/fpu/fpv5-sp-d16\libc_nano.a
END GROUP
START GROUP
LOAD c:/program files (x86)/atollic/truestudio for stm32 9.3.0/armtools/bin/../lib/gcc/arm-atollic-eabi/6.3.1/armv7e-m/fpu/fpv5-sp-d16\libgcc.a
LOAD c:/program files (x86)/atollic/truestudio for stm32 9.3.0/armtools/bin/../lib/gcc/arm-atollic-eabi/6.3.1/../../../../arm-atollic-eabi/lib/armv7e-m/fpu/fpv5-sp-d16\libc_nano.a
LOAD c:/program files (x86)/atollic/truestudio for stm32 9.3.0/armtools/bin/../lib/gcc/arm-atollic-eabi/6.3.1/../../../../arm-atollic-eabi/lib/armv7e-m/fpu/fpv5-sp-d16\libnosys.a
END GROUP
START GROUP
LOAD c:/program files (x86)/atollic/truestudio for stm32 9.3.0/armtools/bin/../lib/gcc/arm-atollic-eabi/6.3.1/armv7e-m/fpu/fpv5-sp-d16\libgcc.a
LOAD c:/program files (x86)/atollic/truestudio for stm32 9.3.0/armtools/bin/../lib/gcc/arm-atollic-eabi/6.3.1/../../../../arm-atollic-eabi/lib/armv7e-m/fpu/fpv5-sp-d16\libc_nano.a
LOAD c:/program files (x86)/atollic/truestudio for stm32 9.3.0/armtools/bin/../lib/gcc/arm-atollic-eabi/6.3.1/../../../../arm-atollic-eabi/lib/armv7e-m/fpu/fpv5-sp-d16\libnosys.a
END GROUP
LOAD c:/program files (x86)/atollic/truestudio for stm32 9.3.0/armtools/bin/../lib/gcc/arm-atollic-eabi/6.3.1/armv7e-m/fpu/fpv5-sp-d16/crtend.o
LOAD c:/program files (x86)/atollic/truestudio for stm32 9.3.0/armtools/bin/../lib/gcc/arm-atollic-eabi/6.3.1/armv7e-m/fpu/fpv5-sp-d16/crtn.o
                0x20080000                _estack = 0x20080000
                0x00000000                _Min_Heap_Size = 0x0
                0x00000400                _Min_Stack_Size = 0x400

.isr_vector     0x08000000      0x1f8
                0x08000000                . = ALIGN (0x4)
 *(.isr_vector)
 .isr_vector    0x08000000      0x1f8 src\startup_stm32f767xx.o
                0x08000000                g_pfnVectors
                0x080001f8                . = ALIGN (0x4)

.text           0x080001f8      0x6ac
                0x080001f8                . = ALIGN (0x4)
 *(.text)
 .text          0x080001f8       0x40 c:/program files (x86)/atollic/truestudio for stm32 9.3.0/armtools/bin/../lib/gcc/arm-atollic-eabi/6.3.1/armv7e-m/fpu/fpv5-sp-d16/crtbegin.o
 *(.text*)
 .text.HAL_IncTick
                0x08000238       0x1c Drivers\STM32F7xx_HAL_Driver\Src\stm32f7xx_hal.o
                0x08000238                HAL_IncTick
 .text.HAL_GPIO_Init
                0x08000254      0x354 Drivers\STM32F7xx_HAL_Driver\Src\stm32f7xx_hal_gpio.o
                0x08000254                HAL_GPIO_Init
 .text.HAL_GPIO_WritePin
                0x080005a8       0x32 Drivers\STM32F7xx_HAL_Driver\Src\stm32f7xx_hal_gpio.o
                0x080005a8                HAL_GPIO_WritePin
 *fill*         0x080005da        0x2 
 .text.HAL_RTC_AlarmIRQHandler
                0x080005dc       0x8c Drivers\STM32F7xx_HAL_Driver\Src\stm32f7xx_hal_rtc.o
                0x080005dc                HAL_RTC_AlarmIRQHandler
 .text.HAL_RTCEx_AlarmBEventCallback
                0x08000668       0x14 Drivers\STM32F7xx_HAL_Driver\Src\stm32f7xx_hal_rtc_ex.o
                0x08000668                HAL_RTCEx_AlarmBEventCallback
 .text.HAL_RTC_AlarmAEventCallback
                0x0800067c       0x8c Drivers\STM32F7xx_HAL_Driver\Src\stm32f7xx_hal_timebase_rtc_alarm.o
                0x0800067c                HAL_RTC_AlarmAEventCallback
 .text.RTC_Alarm_IRQHandler
                0x08000708       0x14 Drivers\STM32F7xx_HAL_Driver\Src\stm32f7xx_hal_timebase_rtc_alarm.o
                0x08000708                RTC_Alarm_IRQHandler
 .text.GpioInit
                0x0800071c       0x4c src\main.o
 .text.main     0x08000768       0x1c src\main.o
                0x08000768                main
 .text.Reset_Handler
                0x08000784       0x50 src\startup_stm32f767xx.o
                0x08000784                Reset_Handler
 .text.Default_Handler
                0x080007d4        0x2 src\startup_stm32f767xx.o
                0x080007d4                EXTI2_IRQHandler
                0x080007d4                TIM8_CC_IRQHandler
                0x080007d4                DebugMon_Handler
                0x080007d4                UART8_IRQHandler
                0x080007d4                SPI4_IRQHandler
                0x080007d4                TIM1_CC_IRQHandler
                0x080007d4                DMA2_Stream5_IRQHandler
                0x080007d4                HardFault_Handler
                0x080007d4                JPEG_IRQHandler
                0x080007d4                DMA1_Stream5_IRQHandler
                0x080007d4                SysTick_Handler
                0x080007d4                CAN3_RX1_IRQHandler
                0x080007d4                PVD_IRQHandler
                0x080007d4                TAMP_STAMP_IRQHandler
                0x080007d4                PendSV_Handler
                0x080007d4                NMI_Handler
                0x080007d4                CAN2_RX1_IRQHandler
                0x080007d4                EXTI3_IRQHandler
                0x080007d4                TIM8_TRG_COM_TIM14_IRQHandler
                0x080007d4                DFSDM1_FLT1_IRQHandler
                0x080007d4                TIM1_UP_TIM10_IRQHandler
                0x080007d4                TIM8_UP_TIM13_IRQHandler
                0x080007d4                I2C3_ER_IRQHandler
                0x080007d4                DFSDM1_FLT2_IRQHandler
                0x080007d4                EXTI0_IRQHandler
                0x080007d4                I2C2_EV_IRQHandler
                0x080007d4                DMA1_Stream2_IRQHandler
                0x080007d4                CAN1_RX0_IRQHandler
                0x080007d4                FPU_IRQHandler
                0x080007d4                OTG_HS_WKUP_IRQHandler
                0x080007d4                CAN3_SCE_IRQHandler
                0x080007d4                UsageFault_Handler
                0x080007d4                LTDC_ER_IRQHandler
                0x080007d4                CAN2_SCE_IRQHandler
                0x080007d4                DMA2_Stream2_IRQHandler
                0x080007d4                SPI1_IRQHandler
                0x080007d4                TIM6_DAC_IRQHandler
                0x080007d4                TIM1_BRK_TIM9_IRQHandler
                0x080007d4                DCMI_IRQHandler
                0x080007d4                CAN2_RX0_IRQHandler
                0x080007d4                DMA2_Stream3_IRQHandler
                0x080007d4                SAI2_IRQHandler
                0x080007d4                DFSDM1_FLT3_IRQHandler
                0x080007d4                USART6_IRQHandler
                0x080007d4                CAN3_RX0_IRQHandler
                0x080007d4                USART3_IRQHandler
                0x080007d4                CAN1_RX1_IRQHandler
                0x080007d4                UART5_IRQHandler
                0x080007d4                DMA2_Stream0_IRQHandler
                0x080007d4                TIM4_IRQHandler
                0x080007d4                QUADSPI_IRQHandler
                0x080007d4                I2C1_EV_IRQHandler
                0x080007d4                DMA1_Stream6_IRQHandler
                0x080007d4                DMA1_Stream1_IRQHandler
                0x080007d4                UART4_IRQHandler
                0x080007d4                TIM3_IRQHandler
                0x080007d4                RCC_IRQHandler
                0x080007d4                TIM8_BRK_TIM12_IRQHandler
                0x080007d4                Default_Handler
                0x080007d4                CEC_IRQHandler
                0x080007d4                EXTI15_10_IRQHandler
                0x080007d4                ADC_IRQHandler
                0x080007d4                DMA1_Stream7_IRQHandler
                0x080007d4                SPI5_IRQHandler
                0x080007d4                TIM7_IRQHandler
                0x080007d4                SDMMC1_IRQHandler
                0x080007d4                CAN2_TX_IRQHandler
                0x080007d4                TIM5_IRQHandler
                0x080007d4                DMA2_Stream7_IRQHandler
                0x080007d4                I2C3_EV_IRQHandler
                0x080007d4                EXTI9_5_IRQHandler
                0x080007d4                RTC_WKUP_IRQHandler
                0x080007d4                LTDC_IRQHandler
                0x080007d4                ETH_WKUP_IRQHandler
                0x080007d4                SPDIF_RX_IRQHandler
                0x080007d4                SPI2_IRQHandler
                0x080007d4                OTG_HS_EP1_IN_IRQHandler
                0x080007d4                MemManage_Handler
                0x080007d4                DMA1_Stream0_IRQHandler
                0x080007d4                CAN1_TX_IRQHandler
                0x080007d4                SVC_Handler
                0x080007d4                EXTI4_IRQHandler
                0x080007d4                RNG_IRQHandler
                0x080007d4                ETH_IRQHandler
                0x080007d4                OTG_HS_EP1_OUT_IRQHandler
                0x080007d4                WWDG_IRQHandler
                0x080007d4                SPI6_IRQHandler
                0x080007d4                MDIOS_IRQHandler
                0x080007d4                I2C4_EV_IRQHandler
                0x080007d4                CAN3_TX_IRQHandler
                0x080007d4                TIM2_IRQHandler
                0x080007d4                OTG_FS_WKUP_IRQHandler
                0x080007d4                TIM1_TRG_COM_TIM11_IRQHandler
                0x080007d4                OTG_HS_IRQHandler
                0x080007d4                DMA2D_IRQHandler
                0x080007d4                EXTI1_IRQHandler
                0x080007d4                SDMMC2_IRQHandler
                0x080007d4                UART7_IRQHandler
                0x080007d4                USART2_IRQHandler
                0x080007d4                DFSDM1_FLT0_IRQHandler
                0x080007d4                I2C2_ER_IRQHandler
                0x080007d4                DMA2_Stream1_IRQHandler
                0x080007d4                CAN1_SCE_IRQHandler
                0x080007d4                FLASH_IRQHandler
                0x080007d4                DMA2_Stream4_IRQHandler
                0x080007d4                BusFault_Handler
                0x080007d4                USART1_IRQHandler
                0x080007d4                OTG_FS_IRQHandler
                0x080007d4                SPI3_IRQHandler
                0x080007d4                DMA1_Stream4_IRQHandler
                0x080007d4                I2C1_ER_IRQHandler
                0x080007d4                FMC_IRQHandler
                0x080007d4                LPTIM1_IRQHandler
                0x080007d4                I2C4_ER_IRQHandler
                0x080007d4                DMA2_Stream6_IRQHandler
                0x080007d4                SAI1_IRQHandler
                0x080007d4                DMA1_Stream3_IRQHandler
 *fill*         0x080007d6        0x2 
 .text.SystemInit
                0x080007d8       0x6c src\system_stm32f7xx.o
                0x080007d8                SystemInit
 .text.__libc_init_array
                0x08000844       0x48 c:/program files (x86)/atollic/truestudio for stm32 9.3.0/armtools/bin/../lib/gcc/arm-atollic-eabi/6.3.1/../../../../arm-atollic-eabi/lib/armv7e-m/fpu/fpv5-sp-d16\libc_nano.a(lib_a-init.o)
                0x08000844                __libc_init_array
 *(.glue_7)
 .glue_7        0x0800088c        0x0 linker stubs
 *(.glue_7t)
 .glue_7t       0x0800088c        0x0 linker stubs
 *(.eh_frame)
 .eh_frame      0x0800088c        0x0 c:/program files (x86)/atollic/truestudio for stm32 9.3.0/armtools/bin/../lib/gcc/arm-atollic-eabi/6.3.1/armv7e-m/fpu/fpv5-sp-d16/crtbegin.o
 *(.init)
 .init          0x0800088c        0x4 c:/program files (x86)/atollic/truestudio for stm32 9.3.0/armtools/bin/../lib/gcc/arm-atollic-eabi/6.3.1/armv7e-m/fpu/fpv5-sp-d16/crti.o
                0x0800088c                _init
 .init          0x08000890        0x8 c:/program files (x86)/atollic/truestudio for stm32 9.3.0/armtools/bin/../lib/gcc/arm-atollic-eabi/6.3.1/armv7e-m/fpu/fpv5-sp-d16/crtn.o
 *(.fini)
 .fini          0x08000898        0x4 c:/program files (x86)/atollic/truestudio for stm32 9.3.0/armtools/bin/../lib/gcc/arm-atollic-eabi/6.3.1/armv7e-m/fpu/fpv5-sp-d16/crti.o
                0x08000898                _fini
 .fini          0x0800089c        0x8 c:/program files (x86)/atollic/truestudio for stm32 9.3.0/armtools/bin/../lib/gcc/arm-atollic-eabi/6.3.1/armv7e-m/fpu/fpv5-sp-d16/crtn.o
                0x080008a4                . = ALIGN (0x4)
                0x080008a4                _etext = .

.vfp11_veneer   0x080008a4        0x0
 .vfp11_veneer  0x080008a4        0x0 linker stubs

.v4_bx          0x080008a4        0x0
 .v4_bx         0x080008a4        0x0 linker stubs

.iplt           0x080008a4        0x0
 .iplt          0x080008a4        0x0 c:/program files (x86)/atollic/truestudio for stm32 9.3.0/armtools/bin/../lib/gcc/arm-atollic-eabi/6.3.1/armv7e-m/fpu/fpv5-sp-d16/crtbegin.o

.rel.dyn        0x080008a4        0x0
 .rel.iplt      0x080008a4        0x0 c:/program files (x86)/atollic/truestudio for stm32 9.3.0/armtools/bin/../lib/gcc/arm-atollic-eabi/6.3.1/armv7e-m/fpu/fpv5-sp-d16/crtbegin.o

.rodata         0x080008a4        0x0
                0x080008a4                . = ALIGN (0x4)
 *(.rodata)
 *(.rodata*)
                0x080008a4                . = ALIGN (0x4)

.ARM.extab
 *(.ARM.extab* .gnu.linkonce.armextab.*)

.ARM            0x080008a4        0x0
                0x080008a4                __exidx_start = .
 *(.ARM.exidx*)
                0x080008a4                __exidx_end = .

.preinit_array  0x080008a4        0x0
                0x080008a4                PROVIDE (__preinit_array_start, .)
 *(.preinit_array*)
                0x080008a4                PROVIDE (__preinit_array_end, .)

.init_array     0x080008a4        0x4
                0x080008a4                PROVIDE (__init_array_start, .)
 *(SORT(.init_array.*))
 *(.init_array*)
 .init_array    0x080008a4        0x4 c:/program files (x86)/atollic/truestudio for stm32 9.3.0/armtools/bin/../lib/gcc/arm-atollic-eabi/6.3.1/armv7e-m/fpu/fpv5-sp-d16/crtbegin.o
                0x080008a8                PROVIDE (__init_array_end, .)

.fini_array     0x080008a8        0x4
                [!provide]                PROVIDE (__fini_array_start, .)
 *(SORT(.fini_array.*))
 *(.fini_array*)
 .fini_array    0x080008a8        0x4 c:/program files (x86)/atollic/truestudio for stm32 9.3.0/armtools/bin/../lib/gcc/arm-atollic-eabi/6.3.1/armv7e-m/fpu/fpv5-sp-d16/crtbegin.o
                [!provide]                PROVIDE (__fini_array_end, .)
                0x080008ac                _sidata = LOADADDR (.data)

.data           0x20020000        0x4 load address 0x080008ac
                0x20020000                . = ALIGN (0x4)
                0x20020000                _sdata = .
 *(.data)
 *(.data*)
 .data.SystemCoreClock
                0x20020000        0x4 src\system_stm32f7xx.o
                0x20020000                SystemCoreClock
                0x20020004                . = ALIGN (0x4)
                0x20020004                _edata = .
                0x080008b0                _sidtcmram = LOADADDR (.dtcmram)

.igot.plt       0x20020004        0x0 load address 0x080008b0
 .igot.plt      0x20020004        0x0 c:/program files (x86)/atollic/truestudio for stm32 9.3.0/armtools/bin/../lib/gcc/arm-atollic-eabi/6.3.1/armv7e-m/fpu/fpv5-sp-d16/crtbegin.o

.dtcmram        0x20000000        0x0 load address 0x080008b0
                0x20000000                . = ALIGN (0x4)
                0x20000000                _sdtcmram = .
 *(.dtcmram)
 *(.dtcmram*)
                0x20000000                . = ALIGN (0x4)
                0x20000000                _edtcmram = .
                0x080008b0                _sisram2 = LOADADDR (.sram2)

.sram2          0x2007c000        0x0 load address 0x080008b0
                0x2007c000                . = ALIGN (0x4)
                0x2007c000                _ssram2 = .
 *(.sram2)
 *(.sram2*)
                0x2007c000                . = ALIGN (0x4)
                0x2007c000                _esram2 = .
                0x2007c000                . = ALIGN (0x4)

.bss            0x20020004       0x40
                0x20020004                _sbss = .
                0x20020004                __bss_start__ = _sbss
 *(.bss)
 .bss           0x20020004       0x1c c:/program files (x86)/atollic/truestudio for stm32 9.3.0/armtools/bin/../lib/gcc/arm-atollic-eabi/6.3.1/armv7e-m/fpu/fpv5-sp-d16/crtbegin.o
 *(.bss*)
 *(COMMON)
 COMMON         0x20020020        0x4 Drivers\STM32F7xx_HAL_Driver\Src\stm32f7xx_hal.o
                0x20020020                uwTick
 COMMON         0x20020024       0x20 Drivers\STM32F7xx_HAL_Driver\Src\stm32f7xx_hal_timebase_rtc_alarm.o
                0x20020024                hRTC_Handle
                0x20020044                . = ALIGN (0x4)
                0x20020044                _ebss = .
                0x20020044                __bss_end__ = _ebss

._user_heap_stack
                0x20020044      0x400
                0x20020044                . = ALIGN (0x4)
                [!provide]                PROVIDE (end, .)
                [!provide]                PROVIDE (_end, .)
                0x20020044                . = (. + _Min_Heap_Size)
                0x20020444                . = (. + _Min_Stack_Size)
 *fill*         0x20020044      0x400 
                0x20020444                . = ALIGN (0x4)

.memory_b1_text
 *(.mb1text)
 *(.mb1text*)
 *(.mb1rodata)
 *(.mb1rodata*)

/DISCARD/
 libc.a(*)
 libm.a(*)
 libgcc.a(*)

.ARM.attributes
                0x00000000       0x30
 *(.ARM.attributes)
 .ARM.attributes
                0x00000000       0x22 c:/program files (x86)/atollic/truestudio for stm32 9.3.0/armtools/bin/../lib/gcc/arm-atollic-eabi/6.3.1/armv7e-m/fpu/fpv5-sp-d16/crti.o
 .ARM.attributes
                0x00000022       0x34 c:/program files (x86)/atollic/truestudio for stm32 9.3.0/armtools/bin/../lib/gcc/arm-atollic-eabi/6.3.1/armv7e-m/fpu/fpv5-sp-d16/crtbegin.o
 .ARM.attributes
                0x00000056       0x39 Drivers\STM32F7xx_HAL_Driver\Src\stm32f7xx_hal.o
 .ARM.attributes
                0x0000008f       0x39 Drivers\STM32F7xx_HAL_Driver\Src\stm32f7xx_hal_gpio.o
 .ARM.attributes
                0x000000c8       0x39 Drivers\STM32F7xx_HAL_Driver\Src\stm32f7xx_hal_rtc.o
 .ARM.attributes
                0x00000101       0x39 Drivers\STM32F7xx_HAL_Driver\Src\stm32f7xx_hal_rtc_ex.o
 .ARM.attributes
                0x0000013a       0x39 Drivers\STM32F7xx_HAL_Driver\Src\stm32f7xx_hal_timebase_rtc_alarm.o
 .ARM.attributes
                0x00000173       0x39 src\main.o
 .ARM.attributes
                0x000001ac       0x21 src\startup_stm32f767xx.o
 .ARM.attributes
                0x000001cd       0x39 src\system_stm32f7xx.o
 .ARM.attributes
                0x00000206       0x34 c:/program files (x86)/atollic/truestudio for stm32 9.3.0/armtools/bin/../lib/gcc/arm-atollic-eabi/6.3.1/../../../../arm-atollic-eabi/lib/armv7e-m/fpu/fpv5-sp-d16\libc_nano.a(lib_a-init.o)
 .ARM.attributes
                0x0000023a       0x22 c:/program files (x86)/atollic/truestudio for stm32 9.3.0/armtools/bin/../lib/gcc/arm-atollic-eabi/6.3.1/armv7e-m/fpu/fpv5-sp-d16/crtn.o
OUTPUT(1_First_Nucleo_Project.elf elf32-littlearm)

.debug_info     0x00000000     0x76b2
 .debug_info    0x00000000     0x119b Drivers\STM32F7xx_HAL_Driver\Src\stm32f7xx_hal.o
 .debug_info    0x0000119b      0xfaa Drivers\STM32F7xx_HAL_Driver\Src\stm32f7xx_hal_gpio.o
 .debug_info    0x00002145     0x1415 Drivers\STM32F7xx_HAL_Driver\Src\stm32f7xx_hal_rtc.o
 .debug_info    0x0000355a     0x17b6 Drivers\STM32F7xx_HAL_Driver\Src\stm32f7xx_hal_rtc_ex.o
 .debug_info    0x00004d10     0x15d6 Drivers\STM32F7xx_HAL_Driver\Src\stm32f7xx_hal_timebase_rtc_alarm.o
 .debug_info    0x000062e6      0xc72 src\main.o
 .debug_info    0x00006f58       0x73 src\startup_stm32f767xx.o
 .debug_info    0x00006fcb      0x6e7 src\system_stm32f7xx.o

.debug_abbrev   0x00000000      0xece
 .debug_abbrev  0x00000000      0x266 Drivers\STM32F7xx_HAL_Driver\Src\stm32f7xx_hal.o
 .debug_abbrev  0x00000266      0x24c Drivers\STM32F7xx_HAL_Driver\Src\stm32f7xx_hal_gpio.o
 .debug_abbrev  0x000004b2      0x250 Drivers\STM32F7xx_HAL_Driver\Src\stm32f7xx_hal_rtc.o
 .debug_abbrev  0x00000702      0x27b Drivers\STM32F7xx_HAL_Driver\Src\stm32f7xx_hal_rtc_ex.o
 .debug_abbrev  0x0000097d      0x248 Drivers\STM32F7xx_HAL_Driver\Src\stm32f7xx_hal_timebase_rtc_alarm.o
 .debug_abbrev  0x00000bc5      0x1cd src\main.o
 .debug_abbrev  0x00000d92       0x12 src\startup_stm32f767xx.o
 .debug_abbrev  0x00000da4      0x12a src\system_stm32f7xx.o

.debug_aranges  0x00000000      0x3e8
 .debug_aranges
                0x00000000       0xe0 Drivers\STM32F7xx_HAL_Driver\Src\stm32f7xx_hal.o
 .debug_aranges
                0x000000e0       0x58 Drivers\STM32F7xx_HAL_Driver\Src\stm32f7xx_hal_gpio.o
 .debug_aranges
                0x00000138       0xb8 Drivers\STM32F7xx_HAL_Driver\Src\stm32f7xx_hal_rtc.o
 .debug_aranges
                0x000001f0      0x140 Drivers\STM32F7xx_HAL_Driver\Src\stm32f7xx_hal_rtc_ex.o
 .debug_aranges
                0x00000330       0x40 Drivers\STM32F7xx_HAL_Driver\Src\stm32f7xx_hal_timebase_rtc_alarm.o
 .debug_aranges
                0x00000370       0x28 src\main.o
 .debug_aranges
                0x00000398       0x28 src\startup_stm32f767xx.o
 .debug_aranges
                0x000003c0       0x28 src\system_stm32f7xx.o

.debug_ranges   0x00000000      0x370
 .debug_ranges  0x00000000       0xd0 Drivers\STM32F7xx_HAL_Driver\Src\stm32f7xx_hal.o
 .debug_ranges  0x000000d0       0x48 Drivers\STM32F7xx_HAL_Driver\Src\stm32f7xx_hal_gpio.o
 .debug_ranges  0x00000118       0xa8 Drivers\STM32F7xx_HAL_Driver\Src\stm32f7xx_hal_rtc.o
 .debug_ranges  0x000001c0      0x130 Drivers\STM32F7xx_HAL_Driver\Src\stm32f7xx_hal_rtc_ex.o
 .debug_ranges  0x000002f0       0x30 Drivers\STM32F7xx_HAL_Driver\Src\stm32f7xx_hal_timebase_rtc_alarm.o
 .debug_ranges  0x00000320       0x18 src\main.o
 .debug_ranges  0x00000338       0x20 src\startup_stm32f767xx.o
 .debug_ranges  0x00000358       0x18 src\system_stm32f7xx.o

.debug_line     0x00000000     0x2530
 .debug_line    0x00000000      0x4d8 Drivers\STM32F7xx_HAL_Driver\Src\stm32f7xx_hal.o
 .debug_line    0x000004d8      0x538 Drivers\STM32F7xx_HAL_Driver\Src\stm32f7xx_hal_gpio.o
 .debug_line    0x00000a10      0x6cc Drivers\STM32F7xx_HAL_Driver\Src\stm32f7xx_hal_rtc.o
 .debug_line    0x000010dc      0xaa8 Drivers\STM32F7xx_HAL_Driver\Src\stm32f7xx_hal_rtc_ex.o
 .debug_line    0x00001b84      0x405 Drivers\STM32F7xx_HAL_Driver\Src\stm32f7xx_hal_timebase_rtc_alarm.o
 .debug_line    0x00001f89      0x305 src\main.o
 .debug_line    0x0000228e       0x7b src\startup_stm32f767xx.o
 .debug_line    0x00002309      0x227 src\system_stm32f7xx.o

.debug_str      0x00000000     0x2214
 .debug_str     0x00000000     0x1013 Drivers\STM32F7xx_HAL_Driver\Src\stm32f7xx_hal.o
                               0x10ad (size before relaxing)
 .debug_str     0x00001013      0x1ab Drivers\STM32F7xx_HAL_Driver\Src\stm32f7xx_hal_gpio.o
                                0x983 (size before relaxing)
 .debug_str     0x000011be      0x50e Drivers\STM32F7xx_HAL_Driver\Src\stm32f7xx_hal_rtc.o
                                0xbd8 (size before relaxing)
 .debug_str     0x000016cc      0x5d0 Drivers\STM32F7xx_HAL_Driver\Src\stm32f7xx_hal_rtc_ex.o
                                0xf65 (size before relaxing)
 .debug_str     0x00001c9c      0x3d7 Drivers\STM32F7xx_HAL_Driver\Src\stm32f7xx_hal_timebase_rtc_alarm.o
                               0x1461 (size before relaxing)
 .debug_str     0x00002073       0x2e src\main.o
                                0x7ff (size before relaxing)
 .debug_str     0x000020a1      0x173 src\system_stm32f7xx.o
                                0x483 (size before relaxing)

.comment        0x00000000       0x7c
 .comment       0x00000000       0x7c Drivers\STM32F7xx_HAL_Driver\Src\stm32f7xx_hal.o
                                 0x7d (size before relaxing)
 .comment       0x0000007c       0x7d Drivers\STM32F7xx_HAL_Driver\Src\stm32f7xx_hal_gpio.o
 .comment       0x0000007c       0x7d Drivers\STM32F7xx_HAL_Driver\Src\stm32f7xx_hal_rtc.o
 .comment       0x0000007c       0x7d Drivers\STM32F7xx_HAL_Driver\Src\stm32f7xx_hal_rtc_ex.o
 .comment       0x0000007c       0x7d Drivers\STM32F7xx_HAL_Driver\Src\stm32f7xx_hal_timebase_rtc_alarm.o
 .comment       0x0000007c       0x7d src\main.o
 .comment       0x0000007c       0x7d src\system_stm32f7xx.o

.debug_frame    0x00000000      0xea8
 .debug_frame   0x00000000      0x330 Drivers\STM32F7xx_HAL_Driver\Src\stm32f7xx_hal.o
 .debug_frame   0x00000330      0x14c Drivers\STM32F7xx_HAL_Driver\Src\stm32f7xx_hal_gpio.o
 .debug_frame   0x0000047c      0x308 Drivers\STM32F7xx_HAL_Driver\Src\stm32f7xx_hal_rtc.o
 .debug_frame   0x00000784      0x598 Drivers\STM32F7xx_HAL_Driver\Src\stm32f7xx_hal_rtc_ex.o
 .debug_frame   0x00000d1c       0xb8 Drivers\STM32F7xx_HAL_Driver\Src\stm32f7xx_hal_timebase_rtc_alarm.o
 .debug_frame   0x00000dd4       0x50 src\main.o
 .debug_frame   0x00000e24       0x58 src\system_stm32f7xx.o
 .debug_frame   0x00000e7c       0x2c c:/program files (x86)/atollic/truestudio for stm32 9.3.0/armtools/bin/../lib/gcc/arm-atollic-eabi/6.3.1/../../../../arm-atollic-eabi/lib/armv7e-m/fpu/fpv5-sp-d16\libc_nano.a(lib_a-init.o)

.stabstr        0x00000000       0x3f
 .stabstr       0x00000000       0x3f c:/program files (x86)/atollic/truestudio for stm32 9.3.0/armtools/bin/../lib/gcc/arm-atollic-eabi/6.3.1/../../../../arm-atollic-eabi/lib/armv7e-m/fpu/fpv5-sp-d16\libnosys.a(write.o)

Cross Reference Table

Symbol                                            File
ADC_IRQHandler                                    src\startup_stm32f767xx.o
AHBPrescTable                                     src\system_stm32f7xx.o
                                                  Drivers\STM32F7xx_HAL_Driver\Src\stm32f7xx_ll_utils.o
                                                  Drivers\STM32F7xx_HAL_Driver\Src\stm32f7xx_hal_rcc.o
APBPrescTable                                     src\system_stm32f7xx.o
                                                  Drivers\STM32F7xx_HAL_Driver\Src\stm32f7xx_hal_rcc.o
BusFault_Handler                                  src\startup_stm32f767xx.o
CAN1_RX0_IRQHandler                               src\startup_stm32f767xx.o
CAN1_RX1_IRQHandler                               src\startup_stm32f767xx.o
CAN1_SCE_IRQHandler                               src\startup_stm32f767xx.o
CAN1_TX_IRQHandler                                src\startup_stm32f767xx.o
CAN2_RX0_IRQHandler                               src\startup_stm32f767xx.o
CAN2_RX1_IRQHandler                               src\startup_stm32f767xx.o
CAN2_SCE_IRQHandler                               src\startup_stm32f767xx.o
CAN2_TX_IRQHandler                                src\startup_stm32f767xx.o
CAN3_RX0_IRQHandler                               src\startup_stm32f767xx.o
CAN3_RX1_IRQHandler                               src\startup_stm32f767xx.o
CAN3_SCE_IRQHandler                               src\startup_stm32f767xx.o
CAN3_TX_IRQHandler                                src\startup_stm32f767xx.o
CEC_IRQHandler                                    src\startup_stm32f767xx.o
DAC_DMAConvCpltCh2                                Drivers\STM32F7xx_HAL_Driver\Src\stm32f7xx_hal_dac_ex.o
                                                  Drivers\STM32F7xx_HAL_Driver\Src\stm32f7xx_hal_dac.o
DAC_DMAErrorCh2                                   Drivers\STM32F7xx_HAL_Driver\Src\stm32f7xx_hal_dac_ex.o
                                                  Drivers\STM32F7xx_HAL_Driver\Src\stm32f7xx_hal_dac.o
DAC_DMAHalfConvCpltCh2                            Drivers\STM32F7xx_HAL_Driver\Src\stm32f7xx_hal_dac_ex.o
                                                  Drivers\STM32F7xx_HAL_Driver\Src\stm32f7xx_hal_dac.o
DCMI_IRQHandler                                   src\startup_stm32f767xx.o
DFSDM1_FLT0_IRQHandler                            src\startup_stm32f767xx.o
DFSDM1_FLT1_IRQHandler                            src\startup_stm32f767xx.o
DFSDM1_FLT2_IRQHandler                            src\startup_stm32f767xx.o
DFSDM1_FLT3_IRQHandler                            src\startup_stm32f767xx.o
DMA1_Stream0_IRQHandler                           src\startup_stm32f767xx.o
DMA1_Stream1_IRQHandler                           src\startup_stm32f767xx.o
DMA1_Stream2_IRQHandler                           src\startup_stm32f767xx.o
DMA1_Stream3_IRQHandler                           src\startup_stm32f767xx.o
DMA1_Stream4_IRQHandler                           src\startup_stm32f767xx.o
DMA1_Stream5_IRQHandler                           src\startup_stm32f767xx.o
DMA1_Stream6_IRQHandler                           src\startup_stm32f767xx.o
DMA1_Stream7_IRQHandler                           src\startup_stm32f767xx.o
DMA2D_IRQHandler                                  src\startup_stm32f767xx.o
DMA2_Stream0_IRQHandler                           src\startup_stm32f767xx.o
DMA2_Stream1_IRQHandler                           src\startup_stm32f767xx.o
DMA2_Stream2_IRQHandler                           src\startup_stm32f767xx.o
DMA2_Stream3_IRQHandler                           src\startup_stm32f767xx.o
DMA2_Stream4_IRQHandler                           src\startup_stm32f767xx.o
DMA2_Stream5_IRQHandler                           src\startup_stm32f767xx.o
DMA2_Stream6_IRQHandler                           src\startup_stm32f767xx.o
DMA2_Stream7_IRQHandler                           src\startup_stm32f767xx.o
DebugMon_Handler                                  src\startup_stm32f767xx.o
Default_Handler                                   src\startup_stm32f767xx.o
ETH_IRQHandler                                    src\startup_stm32f767xx.o
ETH_WKUP_IRQHandler                               src\startup_stm32f767xx.o
EXTI0_IRQHandler                                  src\startup_stm32f767xx.o
EXTI15_10_IRQHandler                              src\startup_stm32f767xx.o
EXTI1_IRQHandler                                  src\startup_stm32f767xx.o
EXTI2_IRQHandler                                  src\startup_stm32f767xx.o
EXTI3_IRQHandler                                  src\startup_stm32f767xx.o
EXTI4_IRQHandler                                  src\startup_stm32f767xx.o
EXTI9_5_IRQHandler                                src\startup_stm32f767xx.o
FLASH_Erase_Sector                                Drivers\STM32F7xx_HAL_Driver\Src\stm32f7xx_hal_flash_ex.o
                                                  Drivers\STM32F7xx_HAL_Driver\Src\stm32f7xx_hal_flash.o
FLASH_IRQHandler                                  src\startup_stm32f767xx.o
FLASH_WaitForLastOperation                        Drivers\STM32F7xx_HAL_Driver\Src\stm32f7xx_hal_flash.o
                                                  Drivers\STM32F7xx_HAL_Driver\Src\stm32f7xx_hal_flash_ex.o
FMC_IRQHandler                                    src\startup_stm32f767xx.o
FMC_NAND_AttributeSpace_Timing_Init               Drivers\STM32F7xx_HAL_Driver\Src\stm32f7xx_ll_fmc.o
                                                  Drivers\STM32F7xx_HAL_Driver\Src\stm32f7xx_hal_nand.o
FMC_NAND_CommonSpace_Timing_Init                  Drivers\STM32F7xx_HAL_Driver\Src\stm32f7xx_ll_fmc.o
                                                  Drivers\STM32F7xx_HAL_Driver\Src\stm32f7xx_hal_nand.o
FMC_NAND_DeInit                                   Drivers\STM32F7xx_HAL_Driver\Src\stm32f7xx_ll_fmc.o
                                                  Drivers\STM32F7xx_HAL_Driver\Src\stm32f7xx_hal_nand.o
FMC_NAND_ECC_Disable                              Drivers\STM32F7xx_HAL_Driver\Src\stm32f7xx_ll_fmc.o
                                                  Drivers\STM32F7xx_HAL_Driver\Src\stm32f7xx_hal_nand.o
FMC_NAND_ECC_Enable                               Drivers\STM32F7xx_HAL_Driver\Src\stm32f7xx_ll_fmc.o
                                                  Drivers\STM32F7xx_HAL_Driver\Src\stm32f7xx_hal_nand.o
FMC_NAND_GetECC                                   Drivers\STM32F7xx_HAL_Driver\Src\stm32f7xx_ll_fmc.o
                                                  Drivers\STM32F7xx_HAL_Driver\Src\stm32f7xx_hal_nand.o
FMC_NAND_Init                                     Drivers\STM32F7xx_HAL_Driver\Src\stm32f7xx_ll_fmc.o
                                                  Drivers\STM32F7xx_HAL_Driver\Src\stm32f7xx_hal_nand.o
FMC_NORSRAM_DeInit                                Drivers\STM32F7xx_HAL_Driver\Src\stm32f7xx_ll_fmc.o
                                                  Drivers\STM32F7xx_HAL_Driver\Src\stm32f7xx_hal_sram.o
                                                  Drivers\STM32F7xx_HAL_Driver\Src\stm32f7xx_hal_nor.o
FMC_NORSRAM_Extended_Timing_Init                  Drivers\STM32F7xx_HAL_Driver\Src\stm32f7xx_ll_fmc.o
                                                  Drivers\STM32F7xx_HAL_Driver\Src\stm32f7xx_hal_sram.o
                                                  Drivers\STM32F7xx_HAL_Driver\Src\stm32f7xx_hal_nor.o
FMC_NORSRAM_Init                                  Drivers\STM32F7xx_HAL_Driver\Src\stm32f7xx_ll_fmc.o
                                                  Drivers\STM32F7xx_HAL_Driver\Src\stm32f7xx_hal_sram.o
                                                  Drivers\STM32F7xx_HAL_Driver\Src\stm32f7xx_hal_nor.o
FMC_NORSRAM_Timing_Init                           Drivers\STM32F7xx_HAL_Driver\Src\stm32f7xx_ll_fmc.o
                                                  Drivers\STM32F7xx_HAL_Driver\Src\stm32f7xx_hal_sram.o
                                                  Drivers\STM32F7xx_HAL_Driver\Src\stm32f7xx_hal_nor.o
FMC_NORSRAM_WriteOperation_Disable                Drivers\STM32F7xx_HAL_Driver\Src\stm32f7xx_ll_fmc.o
                                                  Drivers\STM32F7xx_HAL_Driver\Src\stm32f7xx_hal_sram.o
                                                  Drivers\STM32F7xx_HAL_Driver\Src\stm32f7xx_hal_nor.o
FMC_NORSRAM_WriteOperation_Enable                 Drivers\STM32F7xx_HAL_Driver\Src\stm32f7xx_ll_fmc.o
                                                  Drivers\STM32F7xx_HAL_Driver\Src\stm32f7xx_hal_sram.o
                                                  Drivers\STM32F7xx_HAL_Driver\Src\stm32f7xx_hal_nor.o
FMC_SDRAM_DeInit                                  Drivers\STM32F7xx_HAL_Driver\Src\stm32f7xx_ll_fmc.o
                                                  Drivers\STM32F7xx_HAL_Driver\Src\stm32f7xx_hal_sdram.o
FMC_SDRAM_GetModeStatus                           Drivers\STM32F7xx_HAL_Driver\Src\stm32f7xx_ll_fmc.o
                                                  Drivers\STM32F7xx_HAL_Driver\Src\stm32f7xx_hal_sdram.o
FMC_SDRAM_Init                                    Drivers\STM32F7xx_HAL_Driver\Src\stm32f7xx_ll_fmc.o
                                                  Drivers\STM32F7xx_HAL_Driver\Src\stm32f7xx_hal_sdram.o
FMC_SDRAM_ProgramRefreshRate                      Drivers\STM32F7xx_HAL_Driver\Src\stm32f7xx_ll_fmc.o
                                                  Drivers\STM32F7xx_HAL_Driver\Src\stm32f7xx_hal_sdram.o
FMC_SDRAM_SendCommand                             Drivers\STM32F7xx_HAL_Driver\Src\stm32f7xx_ll_fmc.o
                                                  Drivers\STM32F7xx_HAL_Driver\Src\stm32f7xx_hal_sdram.o
FMC_SDRAM_SetAutoRefreshNumber                    Drivers\STM32F7xx_HAL_Driver\Src\stm32f7xx_ll_fmc.o
                                                  Drivers\STM32F7xx_HAL_Driver\Src\stm32f7xx_hal_sdram.o
FMC_SDRAM_Timing_Init                             Drivers\STM32F7xx_HAL_Driver\Src\stm32f7xx_ll_fmc.o
                                                  Drivers\STM32F7xx_HAL_Driver\Src\stm32f7xx_hal_sdram.o
FMC_SDRAM_WriteProtection_Disable                 Drivers\STM32F7xx_HAL_Driver\Src\stm32f7xx_ll_fmc.o
                                                  Drivers\STM32F7xx_HAL_Driver\Src\stm32f7xx_hal_sdram.o
FMC_SDRAM_WriteProtection_Enable                  Drivers\STM32F7xx_HAL_Driver\Src\stm32f7xx_ll_fmc.o
                                                  Drivers\STM32F7xx_HAL_Driver\Src\stm32f7xx_hal_sdram.o
FPU_IRQHandler                                    src\startup_stm32f767xx.o
HAL_ADCEx_InjectedConfigChannel                   Drivers\STM32F7xx_HAL_Driver\Src\stm32f7xx_hal_adc_ex.o
HAL_ADCEx_InjectedConvCpltCallback                Drivers\STM32F7xx_HAL_Driver\Src\stm32f7xx_hal_adc_ex.o
                                                  Drivers\STM32F7xx_HAL_Driver\Src\stm32f7xx_hal_adc.o
HAL_ADCEx_InjectedGetValue                        Drivers\STM32F7xx_HAL_Driver\Src\stm32f7xx_hal_adc_ex.o
HAL_ADCEx_InjectedPollForConversion               Drivers\STM32F7xx_HAL_Driver\Src\stm32f7xx_hal_adc_ex.o
HAL_ADCEx_InjectedStart                           Drivers\STM32F7xx_HAL_Driver\Src\stm32f7xx_hal_adc_ex.o
HAL_ADCEx_InjectedStart_IT                        Drivers\STM32F7xx_HAL_Driver\Src\stm32f7xx_hal_adc_ex.o
HAL_ADCEx_InjectedStop                            Drivers\STM32F7xx_HAL_Driver\Src\stm32f7xx_hal_adc_ex.o
HAL_ADCEx_InjectedStop_IT                         Drivers\STM32F7xx_HAL_Driver\Src\stm32f7xx_hal_adc_ex.o
HAL_ADCEx_MultiModeConfigChannel                  Drivers\STM32F7xx_HAL_Driver\Src\stm32f7xx_hal_adc_ex.o
HAL_ADCEx_MultiModeGetValue                       Drivers\STM32F7xx_HAL_Driver\Src\stm32f7xx_hal_adc_ex.o
HAL_ADCEx_MultiModeStart_DMA                      Drivers\STM32F7xx_HAL_Driver\Src\stm32f7xx_hal_adc_ex.o
HAL_ADCEx_MultiModeStop_DMA                       Drivers\STM32F7xx_HAL_Driver\Src\stm32f7xx_hal_adc_ex.o
HAL_ADC_AnalogWDGConfig                           Drivers\STM32F7xx_HAL_Driver\Src\stm32f7xx_hal_adc.o
HAL_ADC_ConfigChannel                             Drivers\STM32F7xx_HAL_Driver\Src\stm32f7xx_hal_adc.o
HAL_ADC_ConvCpltCallback                          Drivers\STM32F7xx_HAL_Driver\Src\stm32f7xx_hal_adc.o
                                                  Drivers\STM32F7xx_HAL_Driver\Src\stm32f7xx_hal_adc_ex.o
HAL_ADC_ConvHalfCpltCallback                      Drivers\STM32F7xx_HAL_Driver\Src\stm32f7xx_hal_adc.o
                                                  Drivers\STM32F7xx_HAL_Driver\Src\stm32f7xx_hal_adc_ex.o
HAL_ADC_DeInit                                    Drivers\STM32F7xx_HAL_Driver\Src\stm32f7xx_hal_adc.o
HAL_ADC_ErrorCallback                             Drivers\STM32F7xx_HAL_Driver\Src\stm32f7xx_hal_adc.o
                                                  Drivers\STM32F7xx_HAL_Driver\Src\stm32f7xx_hal_adc_ex.o
HAL_ADC_GetError                                  Drivers\STM32F7xx_HAL_Driver\Src\stm32f7xx_hal_adc.o
HAL_ADC_GetState                                  Drivers\STM32F7xx_HAL_Driver\Src\stm32f7xx_hal_adc.o
HAL_ADC_GetValue                                  Drivers\STM32F7xx_HAL_Driver\Src\stm32f7xx_hal_adc.o
HAL_ADC_IRQHandler                                Drivers\STM32F7xx_HAL_Driver\Src\stm32f7xx_hal_adc.o
HAL_ADC_Init                                      Drivers\STM32F7xx_HAL_Driver\Src\stm32f7xx_hal_adc.o
HAL_ADC_LevelOutOfWindowCallback                  Drivers\STM32F7xx_HAL_Driver\Src\stm32f7xx_hal_adc.o
HAL_ADC_MspDeInit                                 Drivers\STM32F7xx_HAL_Driver\Src\stm32f7xx_hal_adc.o
HAL_ADC_MspInit                                   Drivers\STM32F7xx_HAL_Driver\Src\stm32f7xx_hal_adc.o
HAL_ADC_PollForConversion                         Drivers\STM32F7xx_HAL_Driver\Src\stm32f7xx_hal_adc.o
HAL_ADC_PollForEvent                              Drivers\STM32F7xx_HAL_Driver\Src\stm32f7xx_hal_adc.o
HAL_ADC_Start                                     Drivers\STM32F7xx_HAL_Driver\Src\stm32f7xx_hal_adc.o
HAL_ADC_Start_DMA                                 Drivers\STM32F7xx_HAL_Driver\Src\stm32f7xx_hal_adc.o
HAL_ADC_Start_IT                                  Drivers\STM32F7xx_HAL_Driver\Src\stm32f7xx_hal_adc.o
HAL_ADC_Stop                                      Drivers\STM32F7xx_HAL_Driver\Src\stm32f7xx_hal_adc.o
HAL_ADC_Stop_DMA                                  Drivers\STM32F7xx_HAL_Driver\Src\stm32f7xx_hal_adc.o
HAL_ADC_Stop_IT                                   Drivers\STM32F7xx_HAL_Driver\Src\stm32f7xx_hal_adc.o
HAL_CAN_ConfigFilter                              Drivers\STM32F7xx_HAL_Driver\Src\stm32f7xx_hal_can.o
HAL_CAN_DeInit                                    Drivers\STM32F7xx_HAL_Driver\Src\stm32f7xx_hal_can.o
HAL_CAN_ErrorCallback                             Drivers\STM32F7xx_HAL_Driver\Src\stm32f7xx_hal_can.o
HAL_CAN_GetError                                  Drivers\STM32F7xx_HAL_Driver\Src\stm32f7xx_hal_can.o
HAL_CAN_GetState                                  Drivers\STM32F7xx_HAL_Driver\Src\stm32f7xx_hal_can.o
HAL_CAN_IRQHandler                                Drivers\STM32F7xx_HAL_Driver\Src\stm32f7xx_hal_can.o
HAL_CAN_Init                                      Drivers\STM32F7xx_HAL_Driver\Src\stm32f7xx_hal_can.o
HAL_CAN_MspDeInit                                 Drivers\STM32F7xx_HAL_Driver\Src\stm32f7xx_hal_can.o
HAL_CAN_MspInit                                   Drivers\STM32F7xx_HAL_Driver\Src\stm32f7xx_hal_can.o
HAL_CAN_Receive                                   Drivers\STM32F7xx_HAL_Driver\Src\stm32f7xx_hal_can.o
HAL_CAN_Receive_IT                                Drivers\STM32F7xx_HAL_Driver\Src\stm32f7xx_hal_can.o
HAL_CAN_RxCpltCallback                            Drivers\STM32F7xx_HAL_Driver\Src\stm32f7xx_hal_can.o
HAL_CAN_Sleep                                     Drivers\STM32F7xx_HAL_Driver\Src\stm32f7xx_hal_can.o
HAL_CAN_Transmit                                  Drivers\STM32F7xx_HAL_Driver\Src\stm32f7xx_hal_can.o
HAL_CAN_Transmit_IT                               Drivers\STM32F7xx_HAL_Driver\Src\stm32f7xx_hal_can.o
HAL_CAN_TxCpltCallback                            Drivers\STM32F7xx_HAL_Driver\Src\stm32f7xx_hal_can.o
HAL_CAN_WakeUp                                    Drivers\STM32F7xx_HAL_Driver\Src\stm32f7xx_hal_can.o
HAL_CEC_ChangeRxBuffer                            Drivers\STM32F7xx_HAL_Driver\Src\stm32f7xx_hal_cec.o
HAL_CEC_DeInit                                    Drivers\STM32F7xx_HAL_Driver\Src\stm32f7xx_hal_cec.o
HAL_CEC_ErrorCallback                             Drivers\STM32F7xx_HAL_Driver\Src\stm32f7xx_hal_cec.o
HAL_CEC_GetError                                  Drivers\STM32F7xx_HAL_Driver\Src\stm32f7xx_hal_cec.o
HAL_CEC_GetLastReceivedFrameSize                  Drivers\STM32F7xx_HAL_Driver\Src\stm32f7xx_hal_cec.o
HAL_CEC_GetState                                  Drivers\STM32F7xx_HAL_Driver\Src\stm32f7xx_hal_cec.o
HAL_CEC_IRQHandler                                Drivers\STM32F7xx_HAL_Driver\Src\stm32f7xx_hal_cec.o
HAL_CEC_Init                                      Drivers\STM32F7xx_HAL_Driver\Src\stm32f7xx_hal_cec.o
HAL_CEC_MspDeInit                                 Drivers\STM32F7xx_HAL_Driver\Src\stm32f7xx_hal_cec.o
HAL_CEC_MspInit                                   Drivers\STM32F7xx_HAL_Driver\Src\stm32f7xx_hal_cec.o
HAL_CEC_RxCpltCallback                            Drivers\STM32F7xx_HAL_Driver\Src\stm32f7xx_hal_cec.o
HAL_CEC_SetDeviceAddress                          Drivers\STM32F7xx_HAL_Driver\Src\stm32f7xx_hal_cec.o
HAL_CEC_Transmit_IT                               Drivers\STM32F7xx_HAL_Driver\Src\stm32f7xx_hal_cec.o
HAL_CEC_TxCpltCallback                            Drivers\STM32F7xx_HAL_Driver\Src\stm32f7xx_hal_cec.o
HAL_CRCEx_Input_Data_Reverse                      Drivers\STM32F7xx_HAL_Driver\Src\stm32f7xx_hal_crc_ex.o
HAL_CRCEx_Output_Data_Reverse                     Drivers\STM32F7xx_HAL_Driver\Src\stm32f7xx_hal_crc_ex.o
HAL_CRCEx_Polynomial_Set                          Drivers\STM32F7xx_HAL_Driver\Src\stm32f7xx_hal_crc_ex.o
                                                  Drivers\STM32F7xx_HAL_Driver\Src\stm32f7xx_hal_crc.o
HAL_CRC_Accumulate                                Drivers\STM32F7xx_HAL_Driver\Src\stm32f7xx_hal_crc.o
HAL_CRC_Calculate                                 Drivers\STM32F7xx_HAL_Driver\Src\stm32f7xx_hal_crc.o
HAL_CRC_DeInit                                    Drivers\STM32F7xx_HAL_Driver\Src\stm32f7xx_hal_crc.o
HAL_CRC_GetState                                  Drivers\STM32F7xx_HAL_Driver\Src\stm32f7xx_hal_crc.o
HAL_CRC_Init                                      Drivers\STM32F7xx_HAL_Driver\Src\stm32f7xx_hal_crc.o
HAL_CRC_MspDeInit                                 Drivers\STM32F7xx_HAL_Driver\Src\stm32f7xx_hal_crc.o
HAL_CRC_MspInit                                   Drivers\STM32F7xx_HAL_Driver\Src\stm32f7xx_hal_crc.o
HAL_DACEx_ConvCpltCallbackCh2                     Drivers\STM32F7xx_HAL_Driver\Src\stm32f7xx_hal_dac_ex.o
HAL_DACEx_ConvHalfCpltCallbackCh2                 Drivers\STM32F7xx_HAL_Driver\Src\stm32f7xx_hal_dac_ex.o
HAL_DACEx_DMAUnderrunCallbackCh2                  Drivers\STM32F7xx_HAL_Driver\Src\stm32f7xx_hal_dac_ex.o
                                                  Drivers\STM32F7xx_HAL_Driver\Src\stm32f7xx_hal_dac.o
HAL_DACEx_DualGetValue                            Drivers\STM32F7xx_HAL_Driver\Src\stm32f7xx_hal_dac_ex.o
HAL_DACEx_DualSetValue                            Drivers\STM32F7xx_HAL_Driver\Src\stm32f7xx_hal_dac_ex.o
HAL_DACEx_ErrorCallbackCh2                        Drivers\STM32F7xx_HAL_Driver\Src\stm32f7xx_hal_dac_ex.o
HAL_DACEx_NoiseWaveGenerate                       Drivers\STM32F7xx_HAL_Driver\Src\stm32f7xx_hal_dac_ex.o
HAL_DACEx_TriangleWaveGenerate                    Drivers\STM32F7xx_HAL_Driver\Src\stm32f7xx_hal_dac_ex.o
HAL_DAC_ConfigChannel                             Drivers\STM32F7xx_HAL_Driver\Src\stm32f7xx_hal_dac.o
HAL_DAC_ConvCpltCallbackCh1                       Drivers\STM32F7xx_HAL_Driver\Src\stm32f7xx_hal_dac.o
HAL_DAC_ConvHalfCpltCallbackCh1                   Drivers\STM32F7xx_HAL_Driver\Src\stm32f7xx_hal_dac.o
HAL_DAC_DMAUnderrunCallbackCh1                    Drivers\STM32F7xx_HAL_Driver\Src\stm32f7xx_hal_dac.o
HAL_DAC_DeInit                                    Drivers\STM32F7xx_HAL_Driver\Src\stm32f7xx_hal_dac.o
HAL_DAC_ErrorCallbackCh1                          Drivers\STM32F7xx_HAL_Driver\Src\stm32f7xx_hal_dac.o
HAL_DAC_GetError                                  Drivers\STM32F7xx_HAL_Driver\Src\stm32f7xx_hal_dac.o
HAL_DAC_GetState                                  Drivers\STM32F7xx_HAL_Driver\Src\stm32f7xx_hal_dac.o
HAL_DAC_GetValue                                  Drivers\STM32F7xx_HAL_Driver\Src\stm32f7xx_hal_dac.o
HAL_DAC_IRQHandler                                Drivers\STM32F7xx_HAL_Driver\Src\stm32f7xx_hal_dac.o
HAL_DAC_Init                                      Drivers\STM32F7xx_HAL_Driver\Src\stm32f7xx_hal_dac.o
HAL_DAC_MspDeInit                                 Drivers\STM32F7xx_HAL_Driver\Src\stm32f7xx_hal_dac.o
HAL_DAC_MspInit                                   Drivers\STM32F7xx_HAL_Driver\Src\stm32f7xx_hal_dac.o
HAL_DAC_SetValue                                  Drivers\STM32F7xx_HAL_Driver\Src\stm32f7xx_hal_dac.o
HAL_DAC_Start                                     Drivers\STM32F7xx_HAL_Driver\Src\stm32f7xx_hal_dac.o
HAL_DAC_Start_DMA                                 Drivers\STM32F7xx_HAL_Driver\Src\stm32f7xx_hal_dac.o
HAL_DAC_Stop                                      Drivers\STM32F7xx_HAL_Driver\Src\stm32f7xx_hal_dac.o
HAL_DAC_Stop_DMA                                  Drivers\STM32F7xx_HAL_Driver\Src\stm32f7xx_hal_dac.o
HAL_DBGMCU_DisableDBGSleepMode                    Drivers\STM32F7xx_HAL_Driver\Src\stm32f7xx_hal.o
HAL_DBGMCU_DisableDBGStandbyMode                  Drivers\STM32F7xx_HAL_Driver\Src\stm32f7xx_hal.o
HAL_DBGMCU_DisableDBGStopMode                     Drivers\STM32F7xx_HAL_Driver\Src\stm32f7xx_hal.o
HAL_DBGMCU_EnableDBGSleepMode                     Drivers\STM32F7xx_HAL_Driver\Src\stm32f7xx_hal.o
HAL_DBGMCU_EnableDBGStandbyMode                   Drivers\STM32F7xx_HAL_Driver\Src\stm32f7xx_hal.o
HAL_DBGMCU_EnableDBGStopMode                      Drivers\STM32F7xx_HAL_Driver\Src\stm32f7xx_hal.o
HAL_DCMI_ConfigCrop                               Drivers\STM32F7xx_HAL_Driver\Src\stm32f7xx_hal_dcmi.o
HAL_DCMI_DeInit                                   Drivers\STM32F7xx_HAL_Driver\Src\stm32f7xx_hal_dcmi.o
HAL_DCMI_DisableCrop                              Drivers\STM32F7xx_HAL_Driver\Src\stm32f7xx_hal_dcmi.o
HAL_DCMI_EnableCrop                               Drivers\STM32F7xx_HAL_Driver\Src\stm32f7xx_hal_dcmi.o
HAL_DCMI_ErrorCallback                            Drivers\STM32F7xx_HAL_Driver\Src\stm32f7xx_hal_dcmi.o
HAL_DCMI_FrameEventCallback                       Drivers\STM32F7xx_HAL_Driver\Src\stm32f7xx_hal_dcmi.o
HAL_DCMI_GetError                                 Drivers\STM32F7xx_HAL_Driver\Src\stm32f7xx_hal_dcmi.o
HAL_DCMI_GetState                                 Drivers\STM32F7xx_HAL_Driver\Src\stm32f7xx_hal_dcmi.o
HAL_DCMI_IRQHandler                               Drivers\STM32F7xx_HAL_Driver\Src\stm32f7xx_hal_dcmi.o
HAL_DCMI_Init                                     Drivers\STM32F7xx_HAL_Driver\Src\stm32f7xx_hal_dcmi.o
HAL_DCMI_LineEventCallback                        Drivers\STM32F7xx_HAL_Driver\Src\stm32f7xx_hal_dcmi.o
HAL_DCMI_MspDeInit                                Drivers\STM32F7xx_HAL_Driver\Src\stm32f7xx_hal_dcmi.o
HAL_DCMI_MspInit                                  Drivers\STM32F7xx_HAL_Driver\Src\stm32f7xx_hal_dcmi.o
HAL_DCMI_Resume                                   Drivers\STM32F7xx_HAL_Driver\Src\stm32f7xx_hal_dcmi.o
HAL_DCMI_Start_DMA                                Drivers\STM32F7xx_HAL_Driver\Src\stm32f7xx_hal_dcmi.o
HAL_DCMI_Stop                                     Drivers\STM32F7xx_HAL_Driver\Src\stm32f7xx_hal_dcmi.o
HAL_DCMI_Suspend                                  Drivers\STM32F7xx_HAL_Driver\Src\stm32f7xx_hal_dcmi.o
HAL_DCMI_VsyncEventCallback                       Drivers\STM32F7xx_HAL_Driver\Src\stm32f7xx_hal_dcmi.o
HAL_DFSDM_ChannelCkabCallback                     Drivers\STM32F7xx_HAL_Driver\Src\stm32f7xx_hal_dfsdm.o
HAL_DFSDM_ChannelCkabStart                        Drivers\STM32F7xx_HAL_Driver\Src\stm32f7xx_hal_dfsdm.o
HAL_DFSDM_ChannelCkabStart_IT                     Drivers\STM32F7xx_HAL_Driver\Src\stm32f7xx_hal_dfsdm.o
HAL_DFSDM_ChannelCkabStop                         Drivers\STM32F7xx_HAL_Driver\Src\stm32f7xx_hal_dfsdm.o
HAL_DFSDM_ChannelCkabStop_IT                      Drivers\STM32F7xx_HAL_Driver\Src\stm32f7xx_hal_dfsdm.o
HAL_DFSDM_ChannelDeInit                           Drivers\STM32F7xx_HAL_Driver\Src\stm32f7xx_hal_dfsdm.o
HAL_DFSDM_ChannelGetAwdValue                      Drivers\STM32F7xx_HAL_Driver\Src\stm32f7xx_hal_dfsdm.o
HAL_DFSDM_ChannelGetState                         Drivers\STM32F7xx_HAL_Driver\Src\stm32f7xx_hal_dfsdm.o
HAL_DFSDM_ChannelInit                             Drivers\STM32F7xx_HAL_Driver\Src\stm32f7xx_hal_dfsdm.o
HAL_DFSDM_ChannelModifyOffset                     Drivers\STM32F7xx_HAL_Driver\Src\stm32f7xx_hal_dfsdm.o
HAL_DFSDM_ChannelMspDeInit                        Drivers\STM32F7xx_HAL_Driver\Src\stm32f7xx_hal_dfsdm.o
HAL_DFSDM_ChannelMspInit                          Drivers\STM32F7xx_HAL_Driver\Src\stm32f7xx_hal_dfsdm.o
HAL_DFSDM_ChannelPollForCkab                      Drivers\STM32F7xx_HAL_Driver\Src\stm32f7xx_hal_dfsdm.o
HAL_DFSDM_ChannelPollForScd                       Drivers\STM32F7xx_HAL_Driver\Src\stm32f7xx_hal_dfsdm.o
HAL_DFSDM_ChannelScdCallback                      Drivers\STM32F7xx_HAL_Driver\Src\stm32f7xx_hal_dfsdm.o
HAL_DFSDM_ChannelScdStart                         Drivers\STM32F7xx_HAL_Driver\Src\stm32f7xx_hal_dfsdm.o
HAL_DFSDM_ChannelScdStart_IT                      Drivers\STM32F7xx_HAL_Driver\Src\stm32f7xx_hal_dfsdm.o
HAL_DFSDM_ChannelScdStop                          Drivers\STM32F7xx_HAL_Driver\Src\stm32f7xx_hal_dfsdm.o
HAL_DFSDM_ChannelScdStop_IT                       Drivers\STM32F7xx_HAL_Driver\Src\stm32f7xx_hal_dfsdm.o
HAL_DFSDM_FilterAwdCallback                       Drivers\STM32F7xx_HAL_Driver\Src\stm32f7xx_hal_dfsdm.o
HAL_DFSDM_FilterAwdStart_IT                       Drivers\STM32F7xx_HAL_Driver\Src\stm32f7xx_hal_dfsdm.o
HAL_DFSDM_FilterAwdStop_IT                        Drivers\STM32F7xx_HAL_Driver\Src\stm32f7xx_hal_dfsdm.o
HAL_DFSDM_FilterConfigInjChannel                  Drivers\STM32F7xx_HAL_Driver\Src\stm32f7xx_hal_dfsdm.o
HAL_DFSDM_FilterConfigRegChannel                  Drivers\STM32F7xx_HAL_Driver\Src\stm32f7xx_hal_dfsdm.o
HAL_DFSDM_FilterDeInit                            Drivers\STM32F7xx_HAL_Driver\Src\stm32f7xx_hal_dfsdm.o
HAL_DFSDM_FilterErrorCallback                     Drivers\STM32F7xx_HAL_Driver\Src\stm32f7xx_hal_dfsdm.o
HAL_DFSDM_FilterExdStart                          Drivers\STM32F7xx_HAL_Driver\Src\stm32f7xx_hal_dfsdm.o
HAL_DFSDM_FilterExdStop                           Drivers\STM32F7xx_HAL_Driver\Src\stm32f7xx_hal_dfsdm.o
HAL_DFSDM_FilterGetConvTimeValue                  Drivers\STM32F7xx_HAL_Driver\Src\stm32f7xx_hal_dfsdm.o
HAL_DFSDM_FilterGetError                          Drivers\STM32F7xx_HAL_Driver\Src\stm32f7xx_hal_dfsdm.o
HAL_DFSDM_FilterGetExdMaxValue                    Drivers\STM32F7xx_HAL_Driver\Src\stm32f7xx_hal_dfsdm.o
HAL_DFSDM_FilterGetExdMinValue                    Drivers\STM32F7xx_HAL_Driver\Src\stm32f7xx_hal_dfsdm.o
HAL_DFSDM_FilterGetInjectedValue                  Drivers\STM32F7xx_HAL_Driver\Src\stm32f7xx_hal_dfsdm.o
HAL_DFSDM_FilterGetRegularValue                   Drivers\STM32F7xx_HAL_Driver\Src\stm32f7xx_hal_dfsdm.o
HAL_DFSDM_FilterGetState                          Drivers\STM32F7xx_HAL_Driver\Src\stm32f7xx_hal_dfsdm.o
HAL_DFSDM_FilterInit                              Drivers\STM32F7xx_HAL_Driver\Src\stm32f7xx_hal_dfsdm.o
HAL_DFSDM_FilterInjConvCpltCallback               Drivers\STM32F7xx_HAL_Driver\Src\stm32f7xx_hal_dfsdm.o
HAL_DFSDM_FilterInjConvHalfCpltCallback           Drivers\STM32F7xx_HAL_Driver\Src\stm32f7xx_hal_dfsdm.o
HAL_DFSDM_FilterInjectedMsbStart_DMA              Drivers\STM32F7xx_HAL_Driver\Src\stm32f7xx_hal_dfsdm.o
HAL_DFSDM_FilterInjectedStart                     Drivers\STM32F7xx_HAL_Driver\Src\stm32f7xx_hal_dfsdm.o
HAL_DFSDM_FilterInjectedStart_DMA                 Drivers\STM32F7xx_HAL_Driver\Src\stm32f7xx_hal_dfsdm.o
HAL_DFSDM_FilterInjectedStart_IT                  Drivers\STM32F7xx_HAL_Driver\Src\stm32f7xx_hal_dfsdm.o
HAL_DFSDM_FilterInjectedStop                      Drivers\STM32F7xx_HAL_Driver\Src\stm32f7xx_hal_dfsdm.o
HAL_DFSDM_FilterInjectedStop_DMA                  Drivers\STM32F7xx_HAL_Driver\Src\stm32f7xx_hal_dfsdm.o
HAL_DFSDM_FilterInjectedStop_IT                   Drivers\STM32F7xx_HAL_Driver\Src\stm32f7xx_hal_dfsdm.o
HAL_DFSDM_FilterMspDeInit                         Drivers\STM32F7xx_HAL_Driver\Src\stm32f7xx_hal_dfsdm.o
HAL_DFSDM_FilterMspInit                           Drivers\STM32F7xx_HAL_Driver\Src\stm32f7xx_hal_dfsdm.o
HAL_DFSDM_FilterPollForInjConversion              Drivers\STM32F7xx_HAL_Driver\Src\stm32f7xx_hal_dfsdm.o
HAL_DFSDM_FilterPollForRegConversion              Drivers\STM32F7xx_HAL_Driver\Src\stm32f7xx_hal_dfsdm.o
HAL_DFSDM_FilterRegConvCpltCallback               Drivers\STM32F7xx_HAL_Driver\Src\stm32f7xx_hal_dfsdm.o
HAL_DFSDM_FilterRegConvHalfCpltCallback           Drivers\STM32F7xx_HAL_Driver\Src\stm32f7xx_hal_dfsdm.o
HAL_DFSDM_FilterRegularMsbStart_DMA               Drivers\STM32F7xx_HAL_Driver\Src\stm32f7xx_hal_dfsdm.o
HAL_DFSDM_FilterRegularStart                      Drivers\STM32F7xx_HAL_Driver\Src\stm32f7xx_hal_dfsdm.o
HAL_DFSDM_FilterRegularStart_DMA                  Drivers\STM32F7xx_HAL_Driver\Src\stm32f7xx_hal_dfsdm.o
HAL_DFSDM_FilterRegularStart_IT                   Drivers\STM32F7xx_HAL_Driver\Src\stm32f7xx_hal_dfsdm.o
HAL_DFSDM_FilterRegularStop                       Drivers\STM32F7xx_HAL_Driver\Src\stm32f7xx_hal_dfsdm.o
HAL_DFSDM_FilterRegularStop_DMA                   Drivers\STM32F7xx_HAL_Driver\Src\stm32f7xx_hal_dfsdm.o
HAL_DFSDM_FilterRegularStop_IT                    Drivers\STM32F7xx_HAL_Driver\Src\stm32f7xx_hal_dfsdm.o
HAL_DFSDM_IRQHandler                              Drivers\STM32F7xx_HAL_Driver\Src\stm32f7xx_hal_dfsdm.o
HAL_DMA2D_Abort                                   Drivers\STM32F7xx_HAL_Driver\Src\stm32f7xx_hal_dma2d.o
HAL_DMA2D_BlendingStart                           Drivers\STM32F7xx_HAL_Driver\Src\stm32f7xx_hal_dma2d.o
HAL_DMA2D_BlendingStart_IT                        Drivers\STM32F7xx_HAL_Driver\Src\stm32f7xx_hal_dma2d.o
HAL_DMA2D_CLUTLoad                                Drivers\STM32F7xx_HAL_Driver\Src\stm32f7xx_hal_dma2d.o
HAL_DMA2D_CLUTLoad_IT                             Drivers\STM32F7xx_HAL_Driver\Src\stm32f7xx_hal_dma2d.o
HAL_DMA2D_CLUTLoadingCpltCallback                 Drivers\STM32F7xx_HAL_Driver\Src\stm32f7xx_hal_dma2d.o
HAL_DMA2D_CLUTLoading_Abort                       Drivers\STM32F7xx_HAL_Driver\Src\stm32f7xx_hal_dma2d.o
HAL_DMA2D_CLUTLoading_Resume                      Drivers\STM32F7xx_HAL_Driver\Src\stm32f7xx_hal_dma2d.o
HAL_DMA2D_CLUTLoading_Suspend                     Drivers\STM32F7xx_HAL_Driver\Src\stm32f7xx_hal_dma2d.o
HAL_DMA2D_ConfigCLUT                              Drivers\STM32F7xx_HAL_Driver\Src\stm32f7xx_hal_dma2d.o
HAL_DMA2D_ConfigDeadTime                          Drivers\STM32F7xx_HAL_Driver\Src\stm32f7xx_hal_dma2d.o
HAL_DMA2D_ConfigLayer                             Drivers\STM32F7xx_HAL_Driver\Src\stm32f7xx_hal_dma2d.o
HAL_DMA2D_DeInit                                  Drivers\STM32F7xx_HAL_Driver\Src\stm32f7xx_hal_dma2d.o
HAL_DMA2D_DisableDeadTime                         Drivers\STM32F7xx_HAL_Driver\Src\stm32f7xx_hal_dma2d.o
HAL_DMA2D_EnableCLUT                              Drivers\STM32F7xx_HAL_Driver\Src\stm32f7xx_hal_dma2d.o
HAL_DMA2D_EnableDeadTime                          Drivers\STM32F7xx_HAL_Driver\Src\stm32f7xx_hal_dma2d.o
HAL_DMA2D_GetError                                Drivers\STM32F7xx_HAL_Driver\Src\stm32f7xx_hal_dma2d.o
HAL_DMA2D_GetState                                Drivers\STM32F7xx_HAL_Driver\Src\stm32f7xx_hal_dma2d.o
HAL_DMA2D_IRQHandler                              Drivers\STM32F7xx_HAL_Driver\Src\stm32f7xx_hal_dma2d.o
HAL_DMA2D_Init                                    Drivers\STM32F7xx_HAL_Driver\Src\stm32f7xx_hal_dma2d.o
HAL_DMA2D_LineEventCallback                       Drivers\STM32F7xx_HAL_Driver\Src\stm32f7xx_hal_dma2d.o
HAL_DMA2D_MspDeInit                               Drivers\STM32F7xx_HAL_Driver\Src\stm32f7xx_hal_dma2d.o
HAL_DMA2D_MspInit                                 Drivers\STM32F7xx_HAL_Driver\Src\stm32f7xx_hal_dma2d.o
HAL_DMA2D_PollForTransfer                         Drivers\STM32F7xx_HAL_Driver\Src\stm32f7xx_hal_dma2d.o
HAL_DMA2D_ProgramLineEvent                        Drivers\STM32F7xx_HAL_Driver\Src\stm32f7xx_hal_dma2d.o
HAL_DMA2D_Resume                                  Drivers\STM32F7xx_HAL_Driver\Src\stm32f7xx_hal_dma2d.o
HAL_DMA2D_Start                                   Drivers\STM32F7xx_HAL_Driver\Src\stm32f7xx_hal_dma2d.o
HAL_DMA2D_Start_IT                                Drivers\STM32F7xx_HAL_Driver\Src\stm32f7xx_hal_dma2d.o
HAL_DMA2D_Suspend                                 Drivers\STM32F7xx_HAL_Driver\Src\stm32f7xx_hal_dma2d.o
HAL_DMAEx_ChangeMemory                            Drivers\STM32F7xx_HAL_Driver\Src\stm32f7xx_hal_dma_ex.o
                                                  Drivers\STM32F7xx_HAL_Driver\Src\stm32f7xx_hal_dcmi.o
HAL_DMAEx_MultiBufferStart                        Drivers\STM32F7xx_HAL_Driver\Src\stm32f7xx_hal_dma_ex.o
HAL_DMAEx_MultiBufferStart_IT                     Drivers\STM32F7xx_HAL_Driver\Src\stm32f7xx_hal_dma_ex.o
                                                  Drivers\STM32F7xx_HAL_Driver\Src\stm32f7xx_hal_dcmi.o
HAL_DMA_Abort                                     Drivers\STM32F7xx_HAL_Driver\Src\stm32f7xx_hal_dma.o
                                                  Drivers\STM32F7xx_HAL_Driver\Src\stm32f7xx_hal_usart.o
                                                  Drivers\STM32F7xx_HAL_Driver\Src\stm32f7xx_hal_uart.o
                                                  Drivers\STM32F7xx_HAL_Driver\Src\stm32f7xx_hal_tim.o
                                                  Drivers\STM32F7xx_HAL_Driver\Src\stm32f7xx_hal_spi.o
                                                  Drivers\STM32F7xx_HAL_Driver\Src\stm32f7xx_hal_smartcard.o
                                                  Drivers\STM32F7xx_HAL_Driver\Src\stm32f7xx_hal_sd.o
                                                  Drivers\STM32F7xx_HAL_Driver\Src\stm32f7xx_hal_sai.o
                                                  Drivers\STM32F7xx_HAL_Driver\Src\stm32f7xx_hal_qspi.o
                                                  Drivers\STM32F7xx_HAL_Driver\Src\stm32f7xx_hal_mmc.o
                                                  Drivers\STM32F7xx_HAL_Driver\Src\stm32f7xx_hal_jpeg.o
                                                  Drivers\STM32F7xx_HAL_Driver\Src\stm32f7xx_hal_irda.o
                                                  Drivers\STM32F7xx_HAL_Driver\Src\stm32f7xx_hal_i2s.o
                                                  Drivers\STM32F7xx_HAL_Driver\Src\stm32f7xx_hal_dfsdm.o
                                                  Drivers\STM32F7xx_HAL_Driver\Src\stm32f7xx_hal_dcmi.o
                                                  Drivers\STM32F7xx_HAL_Driver\Src\stm32f7xx_hal_dac.o
                                                  Drivers\STM32F7xx_HAL_Driver\Src\stm32f7xx_hal_adc_ex.o
                                                  Drivers\STM32F7xx_HAL_Driver\Src\stm32f7xx_hal_adc.o
HAL_DMA_Abort_IT                                  Drivers\STM32F7xx_HAL_Driver\Src\stm32f7xx_hal_dma.o
                                                  Drivers\STM32F7xx_HAL_Driver\Src\stm32f7xx_hal_usart.o
                                                  Drivers\STM32F7xx_HAL_Driver\Src\stm32f7xx_hal_uart.o
                                                  Drivers\STM32F7xx_HAL_Driver\Src\stm32f7xx_hal_spi.o
                                                  Drivers\STM32F7xx_HAL_Driver\Src\stm32f7xx_hal_smartcard.o
                                                  Drivers\STM32F7xx_HAL_Driver\Src\stm32f7xx_hal_sd.o
                                                  Drivers\STM32F7xx_HAL_Driver\Src\stm32f7xx_hal_sai.o
                                                  Drivers\STM32F7xx_HAL_Driver\Src\stm32f7xx_hal_qspi.o
                                                  Drivers\STM32F7xx_HAL_Driver\Src\stm32f7xx_hal_mmc.o
                                                  Drivers\STM32F7xx_HAL_Driver\Src\stm32f7xx_hal_jpeg.o
                                                  Drivers\STM32F7xx_HAL_Driver\Src\stm32f7xx_hal_irda.o
                                                  Drivers\STM32F7xx_HAL_Driver\Src\stm32f7xx_hal_i2c.o
                                                  Drivers\STM32F7xx_HAL_Driver\Src\stm32f7xx_hal_dcmi.o
HAL_DMA_DeInit                                    Drivers\STM32F7xx_HAL_Driver\Src\stm32f7xx_hal_dma.o
HAL_DMA_GetError                                  Drivers\STM32F7xx_HAL_Driver\Src\stm32f7xx_hal_dma.o
                                                  Drivers\STM32F7xx_HAL_Driver\Src\stm32f7xx_hal_qspi.o
                                                  Drivers\STM32F7xx_HAL_Driver\Src\stm32f7xx_hal_jpeg.o
HAL_DMA_GetState                                  Drivers\STM32F7xx_HAL_Driver\Src\stm32f7xx_hal_dma.o
HAL_DMA_IRQHandler                                Drivers\STM32F7xx_HAL_Driver\Src\stm32f7xx_hal_dma.o
HAL_DMA_Init                                      Drivers\STM32F7xx_HAL_Driver\Src\stm32f7xx_hal_dma.o
HAL_DMA_PollForTransfer                           Drivers\STM32F7xx_HAL_Driver\Src\stm32f7xx_hal_dma.o
HAL_DMA_RegisterCallback                          Drivers\STM32F7xx_HAL_Driver\Src\stm32f7xx_hal_dma.o
HAL_DMA_Start                                     Drivers\STM32F7xx_HAL_Driver\Src\stm32f7xx_hal_dma.o
HAL_DMA_Start_IT                                  Drivers\STM32F7xx_HAL_Driver\Src\stm32f7xx_hal_dma.o
                                                  Drivers\STM32F7xx_HAL_Driver\Src\stm32f7xx_hal_usart.o
                                                  Drivers\STM32F7xx_HAL_Driver\Src\stm32f7xx_hal_uart.o
                                                  Drivers\STM32F7xx_HAL_Driver\Src\stm32f7xx_hal_tim_ex.o
                                                  Drivers\STM32F7xx_HAL_Driver\Src\stm32f7xx_hal_tim.o
                                                  Drivers\STM32F7xx_HAL_Driver\Src\stm32f7xx_hal_sram.o
                                                  Drivers\STM32F7xx_HAL_Driver\Src\stm32f7xx_hal_spi.o
                                                  Drivers\STM32F7xx_HAL_Driver\Src\stm32f7xx_hal_spdifrx.o
                                                  Drivers\STM32F7xx_HAL_Driver\Src\stm32f7xx_hal_smartcard.o
                                                  Drivers\STM32F7xx_HAL_Driver\Src\stm32f7xx_hal_sdram.o
                                                  Drivers\STM32F7xx_HAL_Driver\Src\stm32f7xx_hal_sd.o
                                                  Drivers\STM32F7xx_HAL_Driver\Src\stm32f7xx_hal_sai.o
                                                  Drivers\STM32F7xx_HAL_Driver\Src\stm32f7xx_hal_qspi.o
                                                  Drivers\STM32F7xx_HAL_Driver\Src\stm32f7xx_hal_mmc.o
                                                  Drivers\STM32F7xx_HAL_Driver\Src\stm32f7xx_hal_jpeg.o
                                                  Drivers\STM32F7xx_HAL_Driver\Src\stm32f7xx_hal_irda.o
                                                  Drivers\STM32F7xx_HAL_Driver\Src\stm32f7xx_hal_i2s.o
                                                  Drivers\STM32F7xx_HAL_Driver\Src\stm32f7xx_hal_i2c.o
                                                  Drivers\STM32F7xx_HAL_Driver\Src\stm32f7xx_hal_dfsdm.o
                                                  Drivers\STM32F7xx_HAL_Driver\Src\stm32f7xx_hal_dcmi.o
                                                  Drivers\STM32F7xx_HAL_Driver\Src\stm32f7xx_hal_dac.o
                                                  Drivers\STM32F7xx_HAL_Driver\Src\stm32f7xx_hal_adc_ex.o
                                                  Drivers\STM32F7xx_HAL_Driver\Src\stm32f7xx_hal_adc.o
HAL_DMA_UnRegisterCallback                        Drivers\STM32F7xx_HAL_Driver\Src\stm32f7xx_hal_dma.o
HAL_DeInit                                        Drivers\STM32F7xx_HAL_Driver\Src\stm32f7xx_hal.o
HAL_Delay                                         Drivers\STM32F7xx_HAL_Driver\Src\stm32f7xx_hal.o
                                                  Drivers\STM32F7xx_HAL_Driver\Src\stm32f7xx_ll_usb.o
                                                  Drivers\STM32F7xx_HAL_Driver\Src\stm32f7xx_ll_sdmmc.o
                                                  Drivers\STM32F7xx_HAL_Driver\Src\stm32f7xx_hal_eth.o
HAL_DisableCompensationCell                       Drivers\STM32F7xx_HAL_Driver\Src\stm32f7xx_hal.o
HAL_DisableFMCMemorySwapping                      Drivers\STM32F7xx_HAL_Driver\Src\stm32f7xx_hal.o
HAL_DisableMemorySwappingBank                     Drivers\STM32F7xx_HAL_Driver\Src\stm32f7xx_hal.o
HAL_ETH_ConfigDMA                                 Drivers\STM32F7xx_HAL_Driver\Src\stm32f7xx_hal_eth.o
HAL_ETH_ConfigMAC                                 Drivers\STM32F7xx_HAL_Driver\Src\stm32f7xx_hal_eth.o
HAL_ETH_DMARxDescListInit                         Drivers\STM32F7xx_HAL_Driver\Src\stm32f7xx_hal_eth.o
HAL_ETH_DMATxDescListInit                         Drivers\STM32F7xx_HAL_Driver\Src\stm32f7xx_hal_eth.o
HAL_ETH_DeInit                                    Drivers\STM32F7xx_HAL_Driver\Src\stm32f7xx_hal_eth.o
HAL_ETH_ErrorCallback                             Drivers\STM32F7xx_HAL_Driver\Src\stm32f7xx_hal_eth.o
HAL_ETH_GetReceivedFrame                          Drivers\STM32F7xx_HAL_Driver\Src\stm32f7xx_hal_eth.o
HAL_ETH_GetReceivedFrame_IT                       Drivers\STM32F7xx_HAL_Driver\Src\stm32f7xx_hal_eth.o
HAL_ETH_GetState                                  Drivers\STM32F7xx_HAL_Driver\Src\stm32f7xx_hal_eth.o
HAL_ETH_IRQHandler                                Drivers\STM32F7xx_HAL_Driver\Src\stm32f7xx_hal_eth.o
HAL_ETH_Init                                      Drivers\STM32F7xx_HAL_Driver\Src\stm32f7xx_hal_eth.o
HAL_ETH_MspDeInit                                 Drivers\STM32F7xx_HAL_Driver\Src\stm32f7xx_hal_eth.o
HAL_ETH_MspInit                                   Drivers\STM32F7xx_HAL_Driver\Src\stm32f7xx_hal_eth.o
HAL_ETH_ReadPHYRegister                           Drivers\STM32F7xx_HAL_Driver\Src\stm32f7xx_hal_eth.o
HAL_ETH_RxCpltCallback                            Drivers\STM32F7xx_HAL_Driver\Src\stm32f7xx_hal_eth.o
HAL_ETH_Start                                     Drivers\STM32F7xx_HAL_Driver\Src\stm32f7xx_hal_eth.o
HAL_ETH_Stop                                      Drivers\STM32F7xx_HAL_Driver\Src\stm32f7xx_hal_eth.o
HAL_ETH_TransmitFrame                             Drivers\STM32F7xx_HAL_Driver\Src\stm32f7xx_hal_eth.o
HAL_ETH_TxCpltCallback                            Drivers\STM32F7xx_HAL_Driver\Src\stm32f7xx_hal_eth.o
HAL_ETH_WritePHYRegister                          Drivers\STM32F7xx_HAL_Driver\Src\stm32f7xx_hal_eth.o
HAL_EnableCompensationCell                        Drivers\STM32F7xx_HAL_Driver\Src\stm32f7xx_hal.o
HAL_EnableFMCMemorySwapping                       Drivers\STM32F7xx_HAL_Driver\Src\stm32f7xx_hal.o
HAL_EnableMemorySwappingBank                      Drivers\STM32F7xx_HAL_Driver\Src\stm32f7xx_hal.o
HAL_FLASHEx_Erase                                 Drivers\STM32F7xx_HAL_Driver\Src\stm32f7xx_hal_flash_ex.o
HAL_FLASHEx_Erase_IT                              Drivers\STM32F7xx_HAL_Driver\Src\stm32f7xx_hal_flash_ex.o
HAL_FLASHEx_OBGetConfig                           Drivers\STM32F7xx_HAL_Driver\Src\stm32f7xx_hal_flash_ex.o
HAL_FLASHEx_OBProgram                             Drivers\STM32F7xx_HAL_Driver\Src\stm32f7xx_hal_flash_ex.o
HAL_FLASH_EndOfOperationCallback                  Drivers\STM32F7xx_HAL_Driver\Src\stm32f7xx_hal_flash.o
HAL_FLASH_GetError                                Drivers\STM32F7xx_HAL_Driver\Src\stm32f7xx_hal_flash.o
HAL_FLASH_IRQHandler                              Drivers\STM32F7xx_HAL_Driver\Src\stm32f7xx_hal_flash.o
HAL_FLASH_Lock                                    Drivers\STM32F7xx_HAL_Driver\Src\stm32f7xx_hal_flash.o
HAL_FLASH_OB_Launch                               Drivers\STM32F7xx_HAL_Driver\Src\stm32f7xx_hal_flash.o
HAL_FLASH_OB_Lock                                 Drivers\STM32F7xx_HAL_Driver\Src\stm32f7xx_hal_flash.o
HAL_FLASH_OB_Unlock                               Drivers\STM32F7xx_HAL_Driver\Src\stm32f7xx_hal_flash.o
HAL_FLASH_OperationErrorCallback                  Drivers\STM32F7xx_HAL_Driver\Src\stm32f7xx_hal_flash.o
HAL_FLASH_Program                                 Drivers\STM32F7xx_HAL_Driver\Src\stm32f7xx_hal_flash.o
HAL_FLASH_Program_IT                              Drivers\STM32F7xx_HAL_Driver\Src\stm32f7xx_hal_flash.o
HAL_FLASH_Unlock                                  Drivers\STM32F7xx_HAL_Driver\Src\stm32f7xx_hal_flash.o
HAL_GPIO_DeInit                                   Drivers\STM32F7xx_HAL_Driver\Src\stm32f7xx_hal_gpio.o
HAL_GPIO_EXTI_Callback                            Drivers\STM32F7xx_HAL_Driver\Src\stm32f7xx_hal_gpio.o
HAL_GPIO_EXTI_IRQHandler                          Drivers\STM32F7xx_HAL_Driver\Src\stm32f7xx_hal_gpio.o
HAL_GPIO_Init                                     Drivers\STM32F7xx_HAL_Driver\Src\stm32f7xx_hal_gpio.o
                                                  src\main.o
                                                  Drivers\STM32F7xx_HAL_Driver\Src\stm32f7xx_hal_rcc.o
HAL_GPIO_LockPin                                  Drivers\STM32F7xx_HAL_Driver\Src\stm32f7xx_hal_gpio.o
HAL_GPIO_ReadPin                                  Drivers\STM32F7xx_HAL_Driver\Src\stm32f7xx_hal_gpio.o
HAL_GPIO_TogglePin                                Drivers\STM32F7xx_HAL_Driver\Src\stm32f7xx_hal_gpio.o
HAL_GPIO_WritePin                                 Drivers\STM32F7xx_HAL_Driver\Src\stm32f7xx_hal_gpio.o
                                                  src\main.o
HAL_GetDEVID                                      Drivers\STM32F7xx_HAL_Driver\Src\stm32f7xx_hal.o
HAL_GetHalVersion                                 Drivers\STM32F7xx_HAL_Driver\Src\stm32f7xx_hal.o
HAL_GetREVID                                      Drivers\STM32F7xx_HAL_Driver\Src\stm32f7xx_hal.o
HAL_GetTick                                       Drivers\STM32F7xx_HAL_Driver\Src\stm32f7xx_hal.o
                                                  Drivers\STM32F7xx_HAL_Driver\Src\stm32f7xx_ll_fmc.o
                                                  Drivers\STM32F7xx_HAL_Driver\Src\stm32f7xx_hal_usart.o
                                                  Drivers\STM32F7xx_HAL_Driver\Src\stm32f7xx_hal_uart.o
                                                  Drivers\STM32F7xx_HAL_Driver\Src\stm32f7xx_hal_spi.o
                                                  Drivers\STM32F7xx_HAL_Driver\Src\stm32f7xx_hal_spdifrx.o
                                                  Drivers\STM32F7xx_HAL_Driver\Src\stm32f7xx_hal_smbus.o
                                                  Drivers\STM32F7xx_HAL_Driver\Src\stm32f7xx_hal_smartcard.o
                                                  Drivers\STM32F7xx_HAL_Driver\Src\stm32f7xx_hal_sd.o
                                                  Drivers\STM32F7xx_HAL_Driver\Src\stm32f7xx_hal_sai.o
                                                  Drivers\STM32F7xx_HAL_Driver\Src\stm32f7xx_hal_rtc_ex.o
                                                  Drivers\STM32F7xx_HAL_Driver\Src\stm32f7xx_hal_rtc.o
                                                  Drivers\STM32F7xx_HAL_Driver\Src\stm32f7xx_hal_rng.o
                                                  Drivers\STM32F7xx_HAL_Driver\Src\stm32f7xx_hal_rcc_ex.o
                                                  Drivers\STM32F7xx_HAL_Driver\Src\stm32f7xx_hal_rcc.o
                                                  Drivers\STM32F7xx_HAL_Driver\Src\stm32f7xx_hal_qspi.o
                                                  Drivers\STM32F7xx_HAL_Driver\Src\stm32f7xx_hal_pwr_ex.o
                                                  Drivers\STM32F7xx_HAL_Driver\Src\stm32f7xx_hal_nor.o
                                                  Drivers\STM32F7xx_HAL_Driver\Src\stm32f7xx_hal_nand.o
                                                  Drivers\STM32F7xx_HAL_Driver\Src\stm32f7xx_hal_mmc.o
                                                  Drivers\STM32F7xx_HAL_Driver\Src\stm32f7xx_hal_jpeg.o
                                                  Drivers\STM32F7xx_HAL_Driver\Src\stm32f7xx_hal_iwdg.o
                                                  Drivers\STM32F7xx_HAL_Driver\Src\stm32f7xx_hal_irda.o
                                                  Drivers\STM32F7xx_HAL_Driver\Src\stm32f7xx_hal_i2s.o
                                                  Drivers\STM32F7xx_HAL_Driver\Src\stm32f7xx_hal_i2c.o
                                                  Drivers\STM32F7xx_HAL_Driver\Src\stm32f7xx_hal_flash.o
                                                  Drivers\STM32F7xx_HAL_Driver\Src\stm32f7xx_hal_eth.o
                                                  Drivers\STM32F7xx_HAL_Driver\Src\stm32f7xx_hal_dma2d.o
                                                  Drivers\STM32F7xx_HAL_Driver\Src\stm32f7xx_hal_dma.o
                                                  Drivers\STM32F7xx_HAL_Driver\Src\stm32f7xx_hal_dfsdm.o
                                                  Drivers\STM32F7xx_HAL_Driver\Src\stm32f7xx_hal_can.o
                                                  Drivers\STM32F7xx_HAL_Driver\Src\stm32f7xx_hal_adc_ex.o
                                                  Drivers\STM32F7xx_HAL_Driver\Src\stm32f7xx_hal_adc.o
HAL_HCD_Connect_Callback                          Drivers\STM32F7xx_HAL_Driver\Src\stm32f7xx_hal_hcd.o
HAL_HCD_DeInit                                    Drivers\STM32F7xx_HAL_Driver\Src\stm32f7xx_hal_hcd.o
HAL_HCD_Disconnect_Callback                       Drivers\STM32F7xx_HAL_Driver\Src\stm32f7xx_hal_hcd.o
HAL_HCD_GetCurrentFrame                           Drivers\STM32F7xx_HAL_Driver\Src\stm32f7xx_hal_hcd.o
HAL_HCD_GetCurrentSpeed                           Drivers\STM32F7xx_HAL_Driver\Src\stm32f7xx_hal_hcd.o
HAL_HCD_GetState                                  Drivers\STM32F7xx_HAL_Driver\Src\stm32f7xx_hal_hcd.o
HAL_HCD_HC_GetState                               Drivers\STM32F7xx_HAL_Driver\Src\stm32f7xx_hal_hcd.o
HAL_HCD_HC_GetURBState                            Drivers\STM32F7xx_HAL_Driver\Src\stm32f7xx_hal_hcd.o
HAL_HCD_HC_GetXferCount                           Drivers\STM32F7xx_HAL_Driver\Src\stm32f7xx_hal_hcd.o
HAL_HCD_HC_Halt                                   Drivers\STM32F7xx_HAL_Driver\Src\stm32f7xx_hal_hcd.o
HAL_HCD_HC_Init                                   Drivers\STM32F7xx_HAL_Driver\Src\stm32f7xx_hal_hcd.o
HAL_HCD_HC_NotifyURBChange_Callback               Drivers\STM32F7xx_HAL_Driver\Src\stm32f7xx_hal_hcd.o
HAL_HCD_HC_SubmitRequest                          Drivers\STM32F7xx_HAL_Driver\Src\stm32f7xx_hal_hcd.o
HAL_HCD_IRQHandler                                Drivers\STM32F7xx_HAL_Driver\Src\stm32f7xx_hal_hcd.o
HAL_HCD_Init                                      Drivers\STM32F7xx_HAL_Driver\Src\stm32f7xx_hal_hcd.o
HAL_HCD_MspDeInit                                 Drivers\STM32F7xx_HAL_Driver\Src\stm32f7xx_hal_hcd.o
HAL_HCD_MspInit                                   Drivers\STM32F7xx_HAL_Driver\Src\stm32f7xx_hal_hcd.o
HAL_HCD_ResetPort                                 Drivers\STM32F7xx_HAL_Driver\Src\stm32f7xx_hal_hcd.o
HAL_HCD_SOF_Callback                              Drivers\STM32F7xx_HAL_Driver\Src\stm32f7xx_hal_hcd.o
HAL_HCD_Start                                     Drivers\STM32F7xx_HAL_Driver\Src\stm32f7xx_hal_hcd.o
HAL_HCD_Stop                                      Drivers\STM32F7xx_HAL_Driver\Src\stm32f7xx_hal_hcd.o
HAL_HalfDuplex_EnableReceiver                     Drivers\STM32F7xx_HAL_Driver\Src\stm32f7xx_hal_uart.o
HAL_HalfDuplex_EnableTransmitter                  Drivers\STM32F7xx_HAL_Driver\Src\stm32f7xx_hal_uart.o
HAL_HalfDuplex_Init                               Drivers\STM32F7xx_HAL_Driver\Src\stm32f7xx_hal_uart.o
HAL_I2CEx_ConfigAnalogFilter                      Drivers\STM32F7xx_HAL_Driver\Src\stm32f7xx_hal_i2c_ex.o
HAL_I2CEx_ConfigDigitalFilter                     Drivers\STM32F7xx_HAL_Driver\Src\stm32f7xx_hal_i2c_ex.o
HAL_I2CEx_DisableFastModePlus                     Drivers\STM32F7xx_HAL_Driver\Src\stm32f7xx_hal_i2c_ex.o
HAL_I2CEx_EnableFastModePlus                      Drivers\STM32F7xx_HAL_Driver\Src\stm32f7xx_hal_i2c_ex.o
HAL_I2C_AbortCpltCallback                         Drivers\STM32F7xx_HAL_Driver\Src\stm32f7xx_hal_i2c.o
HAL_I2C_AddrCallback                              Drivers\STM32F7xx_HAL_Driver\Src\stm32f7xx_hal_i2c.o
HAL_I2C_DeInit                                    Drivers\STM32F7xx_HAL_Driver\Src\stm32f7xx_hal_i2c.o
HAL_I2C_DisableListen_IT                          Drivers\STM32F7xx_HAL_Driver\Src\stm32f7xx_hal_i2c.o
HAL_I2C_ER_IRQHandler                             Drivers\STM32F7xx_HAL_Driver\Src\stm32f7xx_hal_i2c.o
HAL_I2C_EV_IRQHandler                             Drivers\STM32F7xx_HAL_Driver\Src\stm32f7xx_hal_i2c.o
HAL_I2C_EnableListen_IT                           Drivers\STM32F7xx_HAL_Driver\Src\stm32f7xx_hal_i2c.o
HAL_I2C_ErrorCallback                             Drivers\STM32F7xx_HAL_Driver\Src\stm32f7xx_hal_i2c.o
HAL_I2C_GetError                                  Drivers\STM32F7xx_HAL_Driver\Src\stm32f7xx_hal_i2c.o
HAL_I2C_GetMode                                   Drivers\STM32F7xx_HAL_Driver\Src\stm32f7xx_hal_i2c.o
HAL_I2C_GetState                                  Drivers\STM32F7xx_HAL_Driver\Src\stm32f7xx_hal_i2c.o
HAL_I2C_Init                                      Drivers\STM32F7xx_HAL_Driver\Src\stm32f7xx_hal_i2c.o
HAL_I2C_IsDeviceReady                             Drivers\STM32F7xx_HAL_Driver\Src\stm32f7xx_hal_i2c.o
HAL_I2C_ListenCpltCallback                        Drivers\STM32F7xx_HAL_Driver\Src\stm32f7xx_hal_i2c.o
HAL_I2C_MasterRxCpltCallback                      Drivers\STM32F7xx_HAL_Driver\Src\stm32f7xx_hal_i2c.o
HAL_I2C_MasterTxCpltCallback                      Drivers\STM32F7xx_HAL_Driver\Src\stm32f7xx_hal_i2c.o
HAL_I2C_Master_Abort_IT                           Drivers\STM32F7xx_HAL_Driver\Src\stm32f7xx_hal_i2c.o
HAL_I2C_Master_Receive                            Drivers\STM32F7xx_HAL_Driver\Src\stm32f7xx_hal_i2c.o
HAL_I2C_Master_Receive_DMA                        Drivers\STM32F7xx_HAL_Driver\Src\stm32f7xx_hal_i2c.o
HAL_I2C_Master_Receive_IT                         Drivers\STM32F7xx_HAL_Driver\Src\stm32f7xx_hal_i2c.o
HAL_I2C_Master_Sequential_Receive_IT              Drivers\STM32F7xx_HAL_Driver\Src\stm32f7xx_hal_i2c.o
HAL_I2C_Master_Sequential_Transmit_IT             Drivers\STM32F7xx_HAL_Driver\Src\stm32f7xx_hal_i2c.o
HAL_I2C_Master_Transmit                           Drivers\STM32F7xx_HAL_Driver\Src\stm32f7xx_hal_i2c.o
HAL_I2C_Master_Transmit_DMA                       Drivers\STM32F7xx_HAL_Driver\Src\stm32f7xx_hal_i2c.o
HAL_I2C_Master_Transmit_IT                        Drivers\STM32F7xx_HAL_Driver\Src\stm32f7xx_hal_i2c.o
HAL_I2C_MemRxCpltCallback                         Drivers\STM32F7xx_HAL_Driver\Src\stm32f7xx_hal_i2c.o
HAL_I2C_MemTxCpltCallback                         Drivers\STM32F7xx_HAL_Driver\Src\stm32f7xx_hal_i2c.o
HAL_I2C_Mem_Read                                  Drivers\STM32F7xx_HAL_Driver\Src\stm32f7xx_hal_i2c.o
HAL_I2C_Mem_Read_DMA                              Drivers\STM32F7xx_HAL_Driver\Src\stm32f7xx_hal_i2c.o
HAL_I2C_Mem_Read_IT                               Drivers\STM32F7xx_HAL_Driver\Src\stm32f7xx_hal_i2c.o
HAL_I2C_Mem_Write                                 Drivers\STM32F7xx_HAL_Driver\Src\stm32f7xx_hal_i2c.o
HAL_I2C_Mem_Write_DMA                             Drivers\STM32F7xx_HAL_Driver\Src\stm32f7xx_hal_i2c.o
HAL_I2C_Mem_Write_IT                              Drivers\STM32F7xx_HAL_Driver\Src\stm32f7xx_hal_i2c.o
HAL_I2C_MspDeInit                                 Drivers\STM32F7xx_HAL_Driver\Src\stm32f7xx_hal_i2c.o
HAL_I2C_MspInit                                   Drivers\STM32F7xx_HAL_Driver\Src\stm32f7xx_hal_i2c.o
HAL_I2C_SlaveRxCpltCallback                       Drivers\STM32F7xx_HAL_Driver\Src\stm32f7xx_hal_i2c.o
HAL_I2C_SlaveTxCpltCallback                       Drivers\STM32F7xx_HAL_Driver\Src\stm32f7xx_hal_i2c.o
HAL_I2C_Slave_Receive                             Drivers\STM32F7xx_HAL_Driver\Src\stm32f7xx_hal_i2c.o
HAL_I2C_Slave_Receive_DMA                         Drivers\STM32F7xx_HAL_Driver\Src\stm32f7xx_hal_i2c.o
HAL_I2C_Slave_Receive_IT                          Drivers\STM32F7xx_HAL_Driver\Src\stm32f7xx_hal_i2c.o
HAL_I2C_Slave_Sequential_Receive_IT               Drivers\STM32F7xx_HAL_Driver\Src\stm32f7xx_hal_i2c.o
HAL_I2C_Slave_Sequential_Transmit_IT              Drivers\STM32F7xx_HAL_Driver\Src\stm32f7xx_hal_i2c.o
HAL_I2C_Slave_Transmit                            Drivers\STM32F7xx_HAL_Driver\Src\stm32f7xx_hal_i2c.o
HAL_I2C_Slave_Transmit_DMA                        Drivers\STM32F7xx_HAL_Driver\Src\stm32f7xx_hal_i2c.o
HAL_I2C_Slave_Transmit_IT                         Drivers\STM32F7xx_HAL_Driver\Src\stm32f7xx_hal_i2c.o
HAL_I2S_DMAPause                                  Drivers\STM32F7xx_HAL_Driver\Src\stm32f7xx_hal_i2s.o
HAL_I2S_DMAResume                                 Drivers\STM32F7xx_HAL_Driver\Src\stm32f7xx_hal_i2s.o
HAL_I2S_DMAStop                                   Drivers\STM32F7xx_HAL_Driver\Src\stm32f7xx_hal_i2s.o
HAL_I2S_DeInit                                    Drivers\STM32F7xx_HAL_Driver\Src\stm32f7xx_hal_i2s.o
HAL_I2S_ErrorCallback                             Drivers\STM32F7xx_HAL_Driver\Src\stm32f7xx_hal_i2s.o
HAL_I2S_GetError                                  Drivers\STM32F7xx_HAL_Driver\Src\stm32f7xx_hal_i2s.o
HAL_I2S_GetState                                  Drivers\STM32F7xx_HAL_Driver\Src\stm32f7xx_hal_i2s.o
HAL_I2S_IRQHandler                                Drivers\STM32F7xx_HAL_Driver\Src\stm32f7xx_hal_i2s.o
HAL_I2S_Init                                      Drivers\STM32F7xx_HAL_Driver\Src\stm32f7xx_hal_i2s.o
HAL_I2S_MspDeInit                                 Drivers\STM32F7xx_HAL_Driver\Src\stm32f7xx_hal_i2s.o
HAL_I2S_MspInit                                   Drivers\STM32F7xx_HAL_Driver\Src\stm32f7xx_hal_i2s.o
HAL_I2S_Receive                                   Drivers\STM32F7xx_HAL_Driver\Src\stm32f7xx_hal_i2s.o
HAL_I2S_Receive_DMA                               Drivers\STM32F7xx_HAL_Driver\Src\stm32f7xx_hal_i2s.o
HAL_I2S_Receive_IT                                Drivers\STM32F7xx_HAL_Driver\Src\stm32f7xx_hal_i2s.o
HAL_I2S_RxCpltCallback                            Drivers\STM32F7xx_HAL_Driver\Src\stm32f7xx_hal_i2s.o
HAL_I2S_RxHalfCpltCallback                        Drivers\STM32F7xx_HAL_Driver\Src\stm32f7xx_hal_i2s.o
HAL_I2S_Transmit                                  Drivers\STM32F7xx_HAL_Driver\Src\stm32f7xx_hal_i2s.o
HAL_I2S_Transmit_DMA                              Drivers\STM32F7xx_HAL_Driver\Src\stm32f7xx_hal_i2s.o
HAL_I2S_Transmit_IT                               Drivers\STM32F7xx_HAL_Driver\Src\stm32f7xx_hal_i2s.o
HAL_I2S_TxCpltCallback                            Drivers\STM32F7xx_HAL_Driver\Src\stm32f7xx_hal_i2s.o
HAL_I2S_TxHalfCpltCallback                        Drivers\STM32F7xx_HAL_Driver\Src\stm32f7xx_hal_i2s.o
HAL_IRDA_Abort                                    Drivers\STM32F7xx_HAL_Driver\Src\stm32f7xx_hal_irda.o
HAL_IRDA_AbortCpltCallback                        Drivers\STM32F7xx_HAL_Driver\Src\stm32f7xx_hal_irda.o
HAL_IRDA_AbortReceive                             Drivers\STM32F7xx_HAL_Driver\Src\stm32f7xx_hal_irda.o
HAL_IRDA_AbortReceiveCpltCallback                 Drivers\STM32F7xx_HAL_Driver\Src\stm32f7xx_hal_irda.o
HAL_IRDA_AbortReceive_IT                          Drivers\STM32F7xx_HAL_Driver\Src\stm32f7xx_hal_irda.o
HAL_IRDA_AbortTransmit                            Drivers\STM32F7xx_HAL_Driver\Src\stm32f7xx_hal_irda.o
HAL_IRDA_AbortTransmitCpltCallback                Drivers\STM32F7xx_HAL_Driver\Src\stm32f7xx_hal_irda.o
HAL_IRDA_AbortTransmit_IT                         Drivers\STM32F7xx_HAL_Driver\Src\stm32f7xx_hal_irda.o
HAL_IRDA_Abort_IT                                 Drivers\STM32F7xx_HAL_Driver\Src\stm32f7xx_hal_irda.o
HAL_IRDA_DMAPause                                 Drivers\STM32F7xx_HAL_Driver\Src\stm32f7xx_hal_irda.o
HAL_IRDA_DMAResume                                Drivers\STM32F7xx_HAL_Driver\Src\stm32f7xx_hal_irda.o
HAL_IRDA_DMAStop                                  Drivers\STM32F7xx_HAL_Driver\Src\stm32f7xx_hal_irda.o
HAL_IRDA_DeInit                                   Drivers\STM32F7xx_HAL_Driver\Src\stm32f7xx_hal_irda.o
HAL_IRDA_ErrorCallback                            Drivers\STM32F7xx_HAL_Driver\Src\stm32f7xx_hal_irda.o
HAL_IRDA_GetError                                 Drivers\STM32F7xx_HAL_Driver\Src\stm32f7xx_hal_irda.o
HAL_IRDA_GetState                                 Drivers\STM32F7xx_HAL_Driver\Src\stm32f7xx_hal_irda.o
HAL_IRDA_IRQHandler                               Drivers\STM32F7xx_HAL_Driver\Src\stm32f7xx_hal_irda.o
HAL_IRDA_Init                                     Drivers\STM32F7xx_HAL_Driver\Src\stm32f7xx_hal_irda.o
HAL_IRDA_MspDeInit                                Drivers\STM32F7xx_HAL_Driver\Src\stm32f7xx_hal_irda.o
HAL_IRDA_MspInit                                  Drivers\STM32F7xx_HAL_Driver\Src\stm32f7xx_hal_irda.o
HAL_IRDA_Receive                                  Drivers\STM32F7xx_HAL_Driver\Src\stm32f7xx_hal_irda.o
HAL_IRDA_Receive_DMA                              Drivers\STM32F7xx_HAL_Driver\Src\stm32f7xx_hal_irda.o
HAL_IRDA_Receive_IT                               Drivers\STM32F7xx_HAL_Driver\Src\stm32f7xx_hal_irda.o