11:28:44 **** Incremental Build of configuration Debug for project 1_First_Nucleo_Project ****
Info: Internal Builder is used for build
arm-atollic-eabi-gcc -c ..\src\main.c -mthumb -mcpu=cortex-m7 -mfloat-abi=hard -mfpu=fpv5-sp-d16 -std=gnu11 -DSTM32F767xx -IC:\FaraRepos\Nucleo\1_First_Nucleo_Project\Drivers\STM32F7xx_HAL_Driver\Inc -IC:\FaraRepos\Nucleo\1_First_Nucleo_Project\Drivers\CMSIS\Device\ST\STM32F7xx\Include -IC:\FaraRepos\Nucleo\1_First_Nucleo_Project\Drivers\CMSIS\Include -O0 -ffunction-sections -fdata-sections -g -fstack-usage -Wall -specs=nano.specs -o src\main.o 
arm-atollic-eabi-gcc -o 1_First_Nucleo_Project.elf Drivers\STM32F7xx_HAL_Driver\Src\stm32f7xx_hal.o Drivers\STM32F7xx_HAL_Driver\Src\stm32f7xx_hal_adc.o Drivers\STM32F7xx_HAL_Driver\Src\stm32f7xx_hal_adc_ex.o Drivers\STM32F7xx_HAL_Driver\Src\stm32f7xx_hal_can.o Drivers\STM32F7xx_HAL_Driver\Src\stm32f7xx_hal_cec.o Drivers\STM32F7xx_HAL_Driver\Src\stm32f7xx_hal_cortex.o Drivers\STM32F7xx_HAL_Driver\Src\stm32f7xx_hal_crc.o Drivers\STM32F7xx_HAL_Driver\Src\stm32f7xx_hal_crc_ex.o Drivers\STM32F7xx_HAL_Driver\Src\stm32f7xx_hal_cryp.o Drivers\STM32F7xx_HAL_Driver\Src\stm32f7xx_hal_cryp_ex.o Drivers\STM32F7xx_HAL_Driver\Src\stm32f7xx_hal_dac.o Drivers\STM32F7xx_HAL_Driver\Src\stm32f7xx_hal_dac_ex.o Drivers\STM32F7xx_HAL_Driver\Src\stm32f7xx_hal_dcmi.o Drivers\STM32F7xx_HAL_Driver\Src\stm32f7xx_hal_dcmi_ex.o Drivers\STM32F7xx_HAL_Driver\Src\stm32f7xx_hal_dfsdm.o Drivers\STM32F7xx_HAL_Driver\Src\stm32f7xx_hal_dma.o Drivers\STM32F7xx_HAL_Driver\Src\stm32f7xx_hal_dma2d.o Drivers\STM32F7xx_HAL_Driver\Src\stm32f7xx_hal_dma_ex.o Drivers\STM32F7xx_HAL_Driver\Src\stm32f7xx_hal_dsi.o Drivers\STM32F7xx_HAL_Driver\Src\stm32f7xx_hal_eth.o Drivers\STM32F7xx_HAL_Driver\Src\stm32f7xx_hal_flash.o Drivers\STM32F7xx_HAL_Driver\Src\stm32f7xx_hal_flash_ex.o Drivers\STM32F7xx_HAL_Driver\Src\stm32f7xx_hal_gpio.o Drivers\STM32F7xx_HAL_Driver\Src\stm32f7xx_hal_hash.o Drivers\STM32F7xx_HAL_Driver\Src\stm32f7xx_hal_hash_ex.o Drivers\STM32F7xx_HAL_Driver\Src\stm32f7xx_hal_hcd.o Drivers\STM32F7xx_HAL_Driver\Src\stm32f7xx_hal_i2c.o Drivers\STM32F7xx_HAL_Driver\Src\stm32f7xx_hal_i2c_ex.o Drivers\STM32F7xx_HAL_Driver\Src\stm32f7xx_hal_i2s.o Drivers\STM32F7xx_HAL_Driver\Src\stm32f7xx_hal_irda.o Drivers\STM32F7xx_HAL_Driver\Src\stm32f7xx_hal_iwdg.o Drivers\STM32F7xx_HAL_Driver\Src\stm32f7xx_hal_jpeg.o Drivers\STM32F7xx_HAL_Driver\Src\stm32f7xx_hal_lptim.o Drivers\STM32F7xx_HAL_Driver\Src\stm32f7xx_hal_ltdc.o Drivers\STM32F7xx_HAL_Driver\Src\stm32f7xx_hal_ltdc_ex.o Drivers\STM32F7xx_HAL_Driver\Src\stm32f7xx_hal_mdios.o Drivers\STM32F7xx_HAL_Driver\Src\stm32f7xx_hal_mmc.o Drivers\STM32F7xx_HAL_Driver\Src\stm32f7xx_hal_msp_template.o Drivers\STM32F7xx_HAL_Driver\Src\stm32f7xx_hal_nand.o Drivers\STM32F7xx_HAL_Driver\Src\stm32f7xx_hal_nor.o Drivers\STM32F7xx_HAL_Driver\Src\stm32f7xx_hal_pcd.o Drivers\STM32F7xx_HAL_Driver\Src\stm32f7xx_hal_pcd_ex.o Drivers\STM32F7xx_HAL_Driver\Src\stm32f7xx_hal_pwr.o Drivers\STM32F7xx_HAL_Driver\Src\stm32f7xx_hal_pwr_ex.o Drivers\STM32F7xx_HAL_Driver\Src\stm32f7xx_hal_qspi.o Drivers\STM32F7xx_HAL_Driver\Src\stm32f7xx_hal_rcc.o Drivers\STM32F7xx_HAL_Driver\Src\stm32f7xx_hal_rcc_ex.o Drivers\STM32F7xx_HAL_Driver\Src\stm32f7xx_hal_rng.o Drivers\STM32F7xx_HAL_Driver\Src\stm32f7xx_hal_rtc.o Drivers\STM32F7xx_HAL_Driver\Src\stm32f7xx_hal_rtc_ex.o Drivers\STM32F7xx_HAL_Driver\Src\stm32f7xx_hal_sai.o Drivers\STM32F7xx_HAL_Driver\Src\stm32f7xx_hal_sai_ex.o Drivers\STM32F7xx_HAL_Driver\Src\stm32f7xx_hal_sd.o Drivers\STM32F7xx_HAL_Driver\Src\stm32f7xx_hal_sdram.o Drivers\STM32F7xx_HAL_Driver\Src\stm32f7xx_hal_smartcard.o Drivers\STM32F7xx_HAL_Driver\Src\stm32f7xx_hal_smartcard_ex.o Drivers\STM32F7xx_HAL_Driver\Src\stm32f7xx_hal_smbus.o Drivers\STM32F7xx_HAL_Driver\Src\stm32f7xx_hal_spdifrx.o Drivers\STM32F7xx_HAL_Driver\Src\stm32f7xx_hal_spi.o Drivers\STM32F7xx_HAL_Driver\Src\stm32f7xx_hal_sram.o Drivers\STM32F7xx_HAL_Driver\Src\stm32f7xx_hal_tim.o Drivers\STM32F7xx_HAL_Driver\Src\stm32f7xx_hal_tim_ex.o Drivers\STM32F7xx_HAL_Driver\Src\stm32f7xx_hal_timebase_rtc_alarm.o Drivers\STM32F7xx_HAL_Driver\Src\stm32f7xx_hal_uart.o Drivers\STM32F7xx_HAL_Driver\Src\stm32f7xx_hal_usart.o Drivers\STM32F7xx_HAL_Driver\Src\stm32f7xx_hal_wwdg.o Drivers\STM32F7xx_HAL_Driver\Src\stm32f7xx_ll_adc.o Drivers\STM32F7xx_HAL_Driver\Src\stm32f7xx_ll_crc.o Drivers\STM32F7xx_HAL_Driver\Src\stm32f7xx_ll_dac.o Drivers\STM32F7xx_HAL_Driver\Src\stm32f7xx_ll_dma.o Drivers\STM32F7xx_HAL_Driver\Src\stm32f7xx_ll_dma2d.o Drivers\STM32F7xx_HAL_Driver\Src\stm32f7xx_ll_exti.o Drivers\STM32F7xx_HAL_Driver\Src\stm32f7xx_ll_fmc.o Drivers\STM32F7xx_HAL_Driver\Src\stm32f7xx_ll_gpio.o Drivers\STM32F7xx_HAL_Driver\Src\stm32f7xx_ll_i2c.o Drivers\STM32F7xx_HAL_Driver\Src\stm32f7xx_ll_lptim.o Drivers\STM32F7xx_HAL_Driver\Src\stm32f7xx_ll_pwr.o Drivers\STM32F7xx_HAL_Driver\Src\stm32f7xx_ll_rcc.o Drivers\STM32F7xx_HAL_Driver\Src\stm32f7xx_ll_rng.o Drivers\STM32F7xx_HAL_Driver\Src\stm32f7xx_ll_rtc.o Drivers\STM32F7xx_HAL_Driver\Src\stm32f7xx_ll_sdmmc.o Drivers\STM32F7xx_HAL_Driver\Src\stm32f7xx_ll_spi.o Drivers\STM32F7xx_HAL_Driver\Src\stm32f7xx_ll_tim.o Drivers\STM32F7xx_HAL_Driver\Src\stm32f7xx_ll_usart.o Drivers\STM32F7xx_HAL_Driver\Src\stm32f7xx_ll_usb.o Drivers\STM32F7xx_HAL_Driver\Src\stm32f7xx_ll_utils.o src\main.o src\startup_stm32f767xx.o src\system_stm32f7xx.o src\tiny_printf.o -mthumb -mcpu=cortex-m7 -mfloat-abi=hard -mfpu=fpv5-sp-d16 -T../stm32f7_flash.ld -specs=nosys.specs -static -Wl,-cref,-u,Reset_Handler -Wl,-Map=1_First_Nucleo_Project.map -Wl,--gc-sections -Wl,--defsym=malloc_getpagesize_P=0x80 -Wl,--start-group -lc -lm -Wl,--end-group -specs=nano.specs 
C:\Program Files (x86)\Atollic\TrueSTUDIO for STM32 9.3.0\ide\jre\bin\java -jar C:\Program Files (x86)\Atollic\TrueSTUDIO for STM32 9.3.0\Tools\arm-atollic-reports.jar sizeinfo list 1_First_Nucleo_Project.elf 
Generate build reports...
Print size information
   text	   data	    bss	    dec	    hex	filename
   2212	     12	   1088	   3312	    cf0	1_First_Nucleo_Project.elf
Print size information done
Generate listing file
Output sent to: 1_First_Nucleo_Project.list
Generate listing file done
Generate build reports done

11:28:45 Build Finished (took 889ms)

